Archive member included to satisfy reference by file (symbol)

c:/nxp/s32ds.3.5/s32ds/build_tools/gcc_v10.2/gcc-10.2-arm32-eabi/bin/../lib/gcc/arm-none-eabi/10.2.0/../../../../arm-none-eabi/lib/thumb/v7e-m+fp/hard\libc_nano.a(lib_a-memmove.o)
                              ./RTD/src/Siul2_Port_Ip.o (memmove)
c:/nxp/s32ds.3.5/s32ds/build_tools/gcc_v10.2/gcc-10.2-arm32-eabi/bin/../lib/gcc/arm-none-eabi/10.2.0/../../../../arm-none-eabi/lib/thumb/v7e-m+fp/hard\libc_nano.a(lib_a-memset.o)
                              ./Project_Settings/Startup_Code/startup.o (memset)
c:/nxp/s32ds.3.5/s32ds/build_tools/gcc_v10.2/gcc-10.2-arm32-eabi/bin/../lib/gcc/arm-none-eabi/10.2.0/../../../../arm-none-eabi/lib/thumb/v7e-m+fp/hard\libc_nano.a(lib_a-strlen.o)
                              ./src/main.o (strlen)
c:/nxp/s32ds.3.5/s32ds/build_tools/gcc_v10.2/gcc-10.2-arm32-eabi/bin/../lib/gcc/arm-none-eabi/10.2.0/../../../../arm-none-eabi/lib/thumb/v7e-m+fp/hard\libc_nano.a(lib_a-vsprintf.o)
                              ./src/main.o (vsprintf)
c:/nxp/s32ds.3.5/s32ds/build_tools/gcc_v10.2/gcc-10.2-arm32-eabi/bin/../lib/gcc/arm-none-eabi/10.2.0/../../../../arm-none-eabi/lib/thumb/v7e-m+fp/hard\libc_nano.a(lib_a-impure.o)
                              c:/nxp/s32ds.3.5/s32ds/build_tools/gcc_v10.2/gcc-10.2-arm32-eabi/bin/../lib/gcc/arm-none-eabi/10.2.0/../../../../arm-none-eabi/lib/thumb/v7e-m+fp/hard\libc_nano.a(lib_a-vsprintf.o) (_impure_ptr)
c:/nxp/s32ds.3.5/s32ds/build_tools/gcc_v10.2/gcc-10.2-arm32-eabi/bin/../lib/gcc/arm-none-eabi/10.2.0/../../../../arm-none-eabi/lib/thumb/v7e-m+fp/hard\libc_nano.a(lib_a-nano-svfprintf.o)
                              c:/nxp/s32ds.3.5/s32ds/build_tools/gcc_v10.2/gcc-10.2-arm32-eabi/bin/../lib/gcc/arm-none-eabi/10.2.0/../../../../arm-none-eabi/lib/thumb/v7e-m+fp/hard\libc_nano.a(lib_a-vsprintf.o) (_svfprintf_r)
c:/nxp/s32ds.3.5/s32ds/build_tools/gcc_v10.2/gcc-10.2-arm32-eabi/bin/../lib/gcc/arm-none-eabi/10.2.0/../../../../arm-none-eabi/lib/thumb/v7e-m+fp/hard\libc_nano.a(lib_a-nano-vfprintf_i.o)
                              c:/nxp/s32ds.3.5/s32ds/build_tools/gcc_v10.2/gcc-10.2-arm32-eabi/bin/../lib/gcc/arm-none-eabi/10.2.0/../../../../arm-none-eabi/lib/thumb/v7e-m+fp/hard\libc_nano.a(lib_a-nano-svfprintf.o) (_printf_i)
c:/nxp/s32ds.3.5/s32ds/build_tools/gcc_v10.2/gcc-10.2-arm32-eabi/bin/../lib/gcc/arm-none-eabi/10.2.0/../../../../arm-none-eabi/lib/thumb/v7e-m+fp/hard\libc_nano.a(lib_a-memchr.o)
                              c:/nxp/s32ds.3.5/s32ds/build_tools/gcc_v10.2/gcc-10.2-arm32-eabi/bin/../lib/gcc/arm-none-eabi/10.2.0/../../../../arm-none-eabi/lib/thumb/v7e-m+fp/hard\libc_nano.a(lib_a-nano-svfprintf.o) (memchr)
c:/nxp/s32ds.3.5/s32ds/build_tools/gcc_v10.2/gcc-10.2-arm32-eabi/bin/../lib/gcc/arm-none-eabi/10.2.0/../../../../arm-none-eabi/lib/thumb/v7e-m+fp/hard\libc_nano.a(lib_a-memcpy-stub.o)
                              c:/nxp/s32ds.3.5/s32ds/build_tools/gcc_v10.2/gcc-10.2-arm32-eabi/bin/../lib/gcc/arm-none-eabi/10.2.0/../../../../arm-none-eabi/lib/thumb/v7e-m+fp/hard\libc_nano.a(lib_a-nano-svfprintf.o) (memcpy)
c:/nxp/s32ds.3.5/s32ds/build_tools/gcc_v10.2/gcc-10.2-arm32-eabi/bin/../lib/gcc/arm-none-eabi/10.2.0/../../../../arm-none-eabi/lib/thumb/v7e-m+fp/hard\libc_nano.a(lib_a-nano-freer.o)
                              c:/nxp/s32ds.3.5/s32ds/build_tools/gcc_v10.2/gcc-10.2-arm32-eabi/bin/../lib/gcc/arm-none-eabi/10.2.0/../../../../arm-none-eabi/lib/thumb/v7e-m+fp/hard\libc_nano.a(lib_a-nano-svfprintf.o) (_free_r)
c:/nxp/s32ds.3.5/s32ds/build_tools/gcc_v10.2/gcc-10.2-arm32-eabi/bin/../lib/gcc/arm-none-eabi/10.2.0/../../../../arm-none-eabi/lib/thumb/v7e-m+fp/hard\libc_nano.a(lib_a-nano-mallocr.o)
                              c:/nxp/s32ds.3.5/s32ds/build_tools/gcc_v10.2/gcc-10.2-arm32-eabi/bin/../lib/gcc/arm-none-eabi/10.2.0/../../../../arm-none-eabi/lib/thumb/v7e-m+fp/hard\libc_nano.a(lib_a-nano-svfprintf.o) (_malloc_r)
c:/nxp/s32ds.3.5/s32ds/build_tools/gcc_v10.2/gcc-10.2-arm32-eabi/bin/../lib/gcc/arm-none-eabi/10.2.0/../../../../arm-none-eabi/lib/thumb/v7e-m+fp/hard\libc_nano.a(lib_a-nano-reallocr.o)
                              c:/nxp/s32ds.3.5/s32ds/build_tools/gcc_v10.2/gcc-10.2-arm32-eabi/bin/../lib/gcc/arm-none-eabi/10.2.0/../../../../arm-none-eabi/lib/thumb/v7e-m+fp/hard\libc_nano.a(lib_a-nano-svfprintf.o) (_realloc_r)
c:/nxp/s32ds.3.5/s32ds/build_tools/gcc_v10.2/gcc-10.2-arm32-eabi/bin/../lib/gcc/arm-none-eabi/10.2.0/../../../../arm-none-eabi/lib/thumb/v7e-m+fp/hard\libc_nano.a(lib_a-sbrkr.o)
                              c:/nxp/s32ds.3.5/s32ds/build_tools/gcc_v10.2/gcc-10.2-arm32-eabi/bin/../lib/gcc/arm-none-eabi/10.2.0/../../../../arm-none-eabi/lib/thumb/v7e-m+fp/hard\libc_nano.a(lib_a-nano-mallocr.o) (_sbrk_r)
c:/nxp/s32ds.3.5/s32ds/build_tools/gcc_v10.2/gcc-10.2-arm32-eabi/bin/../lib/gcc/arm-none-eabi/10.2.0/../../../../arm-none-eabi/lib/thumb/v7e-m+fp/hard\libc_nano.a(lib_a-mlock.o)
[...]
Memory Configuration

Name             Origin             Length             Attributes
int_flash        0x00400000         0x001d4000
int_itcm         0x00000000         0x00008000
int_dtcm         0x20000000         0x00010000
int_sram         0x20400000         0x00006f00
int_sram_fls_rsv 0x20406f00         0x00000100
int_sram_stack_c0 0x20407000         0x00001000
int_sram_no_cacheable 0x20408000         0x00007f00
int_sram_results 0x2040ff00         0x00000100
int_sram_shareable 0x20410000         0x00008000
ram_rsvd2        0x20418000         0x00000000
*default*        0x00000000         0xffffffff

Linker script and memory map

LOAD ./Project_Settings/Startup_Code/Vector_Table.o
LOAD ./Project_Settings/Startup_Code/exceptions.o
LOAD ./Project_Settings/Startup_Code/nvic.o
LOAD ./Project_Settings/Startup_Code/startup.o
LOAD ./Project_Settings/Startup_Code/startup_cm7.o
LOAD ./Project_Settings/Startup_Code/system.o
LOAD ./RTD/src/Clock_Ip.o
LOAD ./RTD/src/Clock_Ip_Data.o
LOAD ./RTD/src/Clock_Ip_Divider.o
LOAD ./RTD/src/Clock_Ip_DividerTrigger.o
LOAD ./RTD/src/Clock_Ip_ExtOsc.o
LOAD ./RTD/src/Clock_Ip_FracDiv.o
LOAD ./RTD/src/Clock_Ip_Frequency.o
LOAD ./RTD/src/Clock_Ip_Gate.o
LOAD ./RTD/src/Clock_Ip_IntOsc.o
LOAD ./RTD/src/Clock_Ip_Irq.o
LOAD ./RTD/src/Clock_Ip_Monitor.o
LOAD ./RTD/src/Clock_Ip_Pll.o
LOAD ./RTD/src/Clock_Ip_ProgFreqSwitch.o
LOAD ./RTD/src/Clock_Ip_Selector.o
LOAD ./RTD/src/Clock_Ip_Specific.o
LOAD ./RTD/src/Det.o
LOAD ./RTD/src/Det_stub.o
LOAD ./RTD/src/Dma_Ip.o
LOAD ./RTD/src/Dma_Ip_Driver_State.o
LOAD ./RTD/src/Dma_Ip_Hw_Access.o
LOAD ./RTD/src/Dma_Ip_Irq.o
LOAD ./RTD/src/Dma_Ip_Multicore.o
LOAD ./RTD/src/Flexio_Mcl_Ip.o
LOAD ./RTD/src/Flexio_Mcl_Ip_HwAccess.o
LOAD ./RTD/src/Flexio_Mcl_Ip_Irq.o
LOAD ./RTD/src/Flexio_Spi_Ip.o
LOAD ./RTD/src/Flexio_Spi_Ip_Irq.o
LOAD ./RTD/src/IntCtrl_Ip.o
LOAD ./RTD/src/Lpspi_Ip.o
LOAD ./RTD/src/Lpspi_Ip_Irq.o
LOAD ./RTD/src/Lpuart_Uart_Ip.o
LOAD ./RTD/src/Lpuart_Uart_Ip_Irq.o
LOAD ./RTD/src/OsIf_Interrupts.o
LOAD ./RTD/src/OsIf_Timer.o
LOAD ./RTD/src/OsIf_Timer_System.o
LOAD ./RTD/src/OsIf_Timer_System_Internal_Systick.o
LOAD ./RTD/src/SchM_Mcl.o
LOAD ./RTD/src/SchM_Mcu.o
LOAD ./RTD/src/SchM_Port.o
LOAD ./RTD/src/SchM_Spi.o
LOAD ./RTD/src/SchM_Uart.o
LOAD ./RTD/src/Siul2_Port_Ip.o
LOAD ./RTD/src/Tspc_Port_Ip.o
LOAD ./board/Siul2_Port_Ip_Cfg.o
LOAD ./board/Tspc_Port_Ip_Cfg.o
LOAD ./generate/src/Clock_Ip_Cfg.o
LOAD ./generate/src/Dma_Ip_BOARD_InitPeripherals_PBcfg.o
LOAD ./generate/src/Dma_Ip_Cfg.o
LOAD ./generate/src/Flexio_Mcl_Ip_BOARD_InitPeripherals_PBcfg.o
LOAD ./generate/src/Flexio_Spi_Ip_Sa_BOARD_InitPeripherals_PBcfg.o
LOAD ./generate/src/IntCtrl_Ip_Cfg.o
LOAD ./generate/src/Lpspi_Ip_Sa_BOARD_InitPeripherals_PBcfg.o
LOAD ./generate/src/Lpuart_Uart_Ip_Sa_BOARD_InitPeripherals_PBcfg.o
LOAD ./generate/src/OsIf_Cfg.o
LOAD ./src/main.o
LOAD c:/nxp/s32ds.3.5/s32ds/build_tools/gcc_v10.2/gcc-10.2-arm32-eabi/bin/../lib/gcc/arm-none-eabi/10.2.0/../../../../arm-none-eabi/lib/thumb/v7e-m+fp/hard\libc_nano.a
LOAD c:/nxp/s32ds.3.5/s32ds/build_tools/gcc_v10.2/gcc-10.2-arm32-eabi/bin/../lib/gcc/arm-none-eabi/10.2.0/../../../../arm-none-eabi/lib/thumb/v7e-m+fp/hard\libm.a
LOAD c:/nxp/s32ds.3.5/s32ds/build_tools/gcc_v10.2/gcc-10.2-arm32-eabi/bin/../lib/gcc/arm-none-eabi/10.2.0/thumb/v7e-m+fp/hard\libgcc.a
START GROUP
LOAD c:/nxp/s32ds.3.5/s32ds/build_tools/gcc_v10.2/gcc-10.2-arm32-eabi/bin/../lib/gcc/arm-none-eabi/10.2.0/thumb/v7e-m+fp/hard\libgcc.a
LOAD c:/nxp/s32ds.3.5/s32ds/build_tools/gcc_v10.2/gcc-10.2-arm32-eabi/bin/../lib/gcc/arm-none-eabi/10.2.0/../../../../arm-none-eabi/lib/thumb/v7e-m+fp/hard\libg_nano.a
LOAD c:/nxp/s32ds.3.5/s32ds/build_tools/gcc_v10.2/gcc-10.2-arm32-eabi/bin/../lib/gcc/arm-none-eabi/10.2.0/../../../../arm-none-eabi/lib/thumb/v7e-m+fp/hard\libc_nano.a
END GROUP
START GROUP
LOAD c:/nxp/s32ds.3.5/s32ds/build_tools/gcc_v10.2/gcc-10.2-arm32-eabi/bin/../lib/gcc/arm-none-eabi/10.2.0/thumb/v7e-m+fp/hard\libgcc.a
LOAD c:/nxp/s32ds.3.5/s32ds/build_tools/gcc_v10.2/gcc-10.2-arm32-eabi/bin/../lib/gcc/arm-none-eabi/10.2.0/../../../../arm-none-eabi/lib/thumb/v7e-m+fp/hard\libc_nano.a
LOAD c:/nxp/s32ds.3.5/s32ds/build_tools/gcc_v10.2/gcc-10.2-arm32-eabi/bin/../lib/gcc/arm-none-eabi/10.2.0/../../../../arm-none-eabi/lib/thumb/v7e-m+fp/hard\libnosys.a
END GROUP
START GROUP
LOAD c:/nxp/s32ds.3.5/s32ds/build_tools/gcc_v10.2/gcc-10.2-arm32-eabi/bin/../lib/gcc/arm-none-eabi/10.2.0/thumb/v7e-m+fp/hard\libgcc.a
LOAD c:/nxp/s32ds.3.5/s32ds/build_tools/gcc_v10.2/gcc-10.2-arm32-eabi/bin/../lib/gcc/arm-none-eabi/10.2.0/../../../../arm-none-eabi/lib/thumb/v7e-m+fp/hard\libc_nano.a
LOAD c:/nxp/s32ds.3.5/s32ds/build_tools/gcc_v10.2/gcc-10.2-arm32-eabi/bin/../lib/gcc/arm-none-eabi/10.2.0/../../../../arm-none-eabi/lib/thumb/v7e-m+fp/hard\libnosys.a
END GROUP
                0x00002000                HEAP_SIZE = DEFINED (__heap_size__)?__heap_size__:0x2000

.flash          0x00400000     0xda18
 *(.boot_header)
 .boot_header   0x00400000       0x2c ./Project_Settings/Startup_Code/startup_cm7.o
                0x00401000                . = ALIGN (0x1000)
 *fill*         0x0040002c      0xfd4 
                0x00401000                __text_start = .
                0x00401000                __interrupts_rom_start = .
 *(.intc_vector)
 .intc_vector   0x00401000      0x408 ./Project_Settings/Startup_Code/Vector_Table.o
                0x00401000                VTABLE
                0x00401408                . = ALIGN (0x4)
                0x00401408                __interrupts_rom_end = .
 *(.core_loop)
 .core_loop     0x00401408        0xc ./Project_Settings/Startup_Code/startup_cm7.o
                0x00401408                _core_loop
                0x00401414                . = ALIGN (0x4)
 *(.startup)
 *fill*         0x00401414        0xc 
 .startup       0x00401420      0x1c8 ./Project_Settings/Startup_Code/startup_cm7.o
                0x00401420                Reset_Handler
                0x00401420                _start
                0x00401572                MCAL_LTB_TRACE_OFF
                0x00401574                _end_of_eunit_test
                0x004015e8                . = ALIGN (0x4)
 *(.systeminit)
                0x004015e8                . = ALIGN (0x4)
 *(.text.startup)
 .text.startup  0x004015e8      0x13c ./src/main.o
                0x004015e8                main
                0x00401724                . = ALIGN (0x4)
 *(.text)
 .text          0x00401724        0x0 ./Project_Settings/Startup_Code/Vector_Table.o
 .text          0x00401724        0x0 ./Project_Settings/Startup_Code/exceptions.o
 .text          0x00401724        0x0 ./Project_Settings/Startup_Code/nvic.o
 .text          0x00401724        0x0 ./Project_Settings/Startup_Code/startup.o
 .text          0x00401724        0x0 ./Project_Settings/Startup_Code/startup_cm7.o
 .text          0x00401724       0x10 ./Project_Settings/Startup_Code/system.o
                0x00401724                Sys_GetCoreID
 .text          0x00401734        0x0 ./RTD/src/Clock_Ip.o
 .text          0x00401734        0x0 ./RTD/src/Clock_Ip_Data.o
 .text          0x00401734        0x0 ./RTD/src/Clock_Ip_Divider.o
 .text          0x00401734        0x0 ./RTD/src/Clock_Ip_DividerTrigger.o
 .text          0x00401734        0x0 ./RTD/src/Clock_Ip_ExtOsc.o
 .text          0x00401734        0x0 ./RTD/src/Clock_Ip_FracDiv.o
 .text          0x00401734        0x0 ./RTD/src/Clock_Ip_Frequency.o
 .text          0x00401734        0x0 ./RTD/src/Clock_Ip_Gate.o
 .text          0x00401734        0x0 ./RTD/src/Clock_Ip_IntOsc.o
 .text          0x00401734        0x0 ./RTD/src/Clock_Ip_Irq.o
 .text          0x00401734        0x0 ./RTD/src/Clock_Ip_Monitor.o
 .text          0x00401734        0x0 ./RTD/src/Clock_Ip_Pll.o
 .text          0x00401734        0x0 ./RTD/src/Clock_Ip_ProgFreqSwitch.o
 .text          0x00401734        0x0 ./RTD/src/Clock_Ip_Selector.o
 .text          0x00401734        0x0 ./RTD/src/Clock_Ip_Specific.o
 .text          0x00401734        0x0 ./RTD/src/Det.o
 .text          0x00401734        0x0 ./RTD/src/Det_stub.o
 .text          0x00401734        0x0 ./RTD/src/Dma_Ip.o
 .text          0x00401734        0x0 ./RTD/src/Dma_Ip_Driver_State.o
 .text          0x00401734        0x0 ./RTD/src/Dma_Ip_Hw_Access.o
 .text          0x00401734        0x0 ./RTD/src/Dma_Ip_Irq.o
 .text          0x00401734        0x0 ./RTD/src/Dma_Ip_Multicore.o
 .text          0x00401734        0x0 ./RTD/src/Flexio_Mcl_Ip.o
 .text          0x00401734        0x0 ./RTD/src/Flexio_Mcl_Ip_HwAccess.o
 .text          0x00401734        0x0 ./RTD/src/Flexio_Mcl_Ip_Irq.o
 .text          0x00401734       0x14 ./RTD/src/Flexio_Spi_Ip.o
 .text          0x00401748        0x0 ./RTD/src/Flexio_Spi_Ip_Irq.o
 .text          0x00401748       0x14 ./RTD/src/IntCtrl_Ip.o
 .text          0x0040175c       0x14 ./RTD/src/Lpspi_Ip.o
 .text          0x00401770        0x0 ./RTD/src/Lpspi_Ip_Irq.o
 .text          0x00401770       0x14 ./RTD/src/Lpuart_Uart_Ip.o
 .text          0x00401784        0x0 ./RTD/src/Lpuart_Uart_Ip_Irq.o
 .text          0x00401784        0x0 ./RTD/src/OsIf_Interrupts.o
 .text          0x00401784        0x0 ./RTD/src/OsIf_Timer.o
 .text          0x00401784        0x0 ./RTD/src/OsIf_Timer_System.o
 .text          0x00401784        0x0 ./RTD/src/OsIf_Timer_System_Internal_Systick.o
 .text          0x00401784        0x6 ./RTD/src/SchM_Mcl.o
                0x00401784                Mcl_schm_read_msr
 .text          0x0040178a        0x6 ./RTD/src/SchM_Mcu.o
                0x0040178a                Mcu_schm_read_msr
 .text          0x00401790        0x6 ./RTD/src/SchM_Port.o
                0x00401790                Port_schm_read_msr
 .text          0x00401796        0x6 ./RTD/src/SchM_Spi.o
                0x00401796                Spi_schm_read_msr
 .text          0x0040179c        0x6 ./RTD/src/SchM_Uart.o
                0x0040179c                Uart_schm_read_msr
 .text          0x004017a2        0x0 ./RTD/src/Siul2_Port_Ip.o
 .text          0x004017a2        0x0 ./RTD/src/Tspc_Port_Ip.o
 .text          0x004017a2        0x0 ./board/Siul2_Port_Ip_Cfg.o
 .text          0x004017a2        0x0 ./board/Tspc_Port_Ip_Cfg.o
 .text          0x004017a2        0x0 ./generate/src/Clock_Ip_Cfg.o
 .text          0x004017a2        0x0 ./generate/src/Dma_Ip_BOARD_InitPeripherals_PBcfg.o
 .text          0x004017a2        0x0 ./generate/src/Dma_Ip_Cfg.o
 .text          0x004017a2        0x0 ./generate/src/Flexio_Mcl_Ip_BOARD_InitPeripherals_PBcfg.o
 .text          0x004017a2        0x0 ./generate/src/Flexio_Spi_Ip_Sa_BOARD_InitPeripherals_PBcfg.o
 .text          0x004017a2        0x0 ./generate/src/IntCtrl_Ip_Cfg.o
 .text          0x004017a2        0x0 ./generate/src/Lpspi_Ip_Sa_BOARD_InitPeripherals_PBcfg.o
 .text          0x004017a2        0x0 ./generate/src/Lpuart_Uart_Ip_Sa_BOARD_InitPeripherals_PBcfg.o
 .text          0x004017a2        0x0 ./generate/src/OsIf_Cfg.o
 *fill*         0x004017a2        0x2 
 .text          0x004017a4       0x88 ./src/main.o
                0x004017a4                iotsm_uart_tx
                0x004017c0                iotsm_dbg_log
                0x00401800                reverseBits
 .text          0x0040182c        0x0 c:/nxp/s32ds.3.5/s32ds/build_tools/gcc_v10.2/gcc-10.2-arm32-eabi/bin/../lib/gcc/arm-none-eabi/10.2.0/../../../../arm-none-eabi/lib/thumb/v7e-m+fp/hard\libc_nano.a(lib_a-memmove.o)
 .text          0x0040182c        0x0 c:/nxp/s32ds.3.5/s32ds/build_tools/gcc_v10.2/gcc-10.2-arm32-eabi/bin/../lib/gcc/arm-none-eabi/10.2.0/../../../../arm-none-eabi/lib/thumb/v7e-m+fp/hard\libc_nano.a(lib_a-memset.o)
 .text          0x0040182c       0x10 c:/nxp/s32ds.3.5/s32ds/build_tools/gcc_v10.2/gcc-10.2-arm32-eabi/bin/../lib/gcc/arm-none-eabi/10.2.0/../../../../arm-none-eabi/lib/thumb/v7e-m+fp/hard\libc_nano.a(lib_a-strlen.o)
                0x0040182c                strlen
 .text          0x0040183c        0x0 c:/nxp/s32ds.3.5/s32ds/build_tools/gcc_v10.2/gcc-10.2-arm32-eabi/bin/../lib/gcc/arm-none-eabi/10.2.0/../../../../arm-none-eabi/lib/thumb/v7e-m+fp/hard\libc_nano.a(lib_a-vsprintf.o)
 .text          0x0040183c        0x0 c:/nxp/s32ds.3.5/s32ds/build_tools/gcc_v10.2/gcc-10.2-arm32-eabi/bin/../lib/gcc/arm-none-eabi/10.2.0/../../../../arm-none-eabi/lib/thumb/v7e-m+fp/hard\libc_nano.a(lib_a-impure.o)
 .text          0x0040183c        0x0 c:/nxp/s32ds.3.5/s32ds/build_tools/gcc_v10.2/gcc-10.2-arm32-eabi/bin/../lib/gcc/arm-none-eabi/10.2.0/../../../../arm-none-eabi/lib/thumb/v7e-m+fp/hard\libc_nano.a(lib_a-nano-svfprintf.o)
 .text          0x0040183c        0x0 c:/nxp/s32ds.3.5/s32ds/build_tools/gcc_v10.2/gcc-10.2-arm32-eabi/bin/../lib/gcc/arm-none-eabi/10.2.0/../../../../arm-none-eabi/lib/thumb/v7e-m+fp/hard\libc_nano.a(lib_a-nano-vfprintf_i.o)
 *fill*         0x0040183c        0x4 
 .text          0x00401840       0xa0 c:/nxp/s32ds.3.5/s32ds/build_tools/gcc_v10.2/gcc-10.2-arm32-eabi/bin/../lib/gcc/arm-none-eabi/10.2.0/../../../../arm-none-eabi/lib/thumb/v7e-m+fp/hard\libc_nano.a(lib_a-memchr.o)
                0x00401840                memchr
 .text          0x004018e0        0x0 c:/nxp/s32ds.3.5/s32ds/build_tools/gcc_v10.2/gcc-10.2-arm32-eabi/bin/../lib/gcc/arm-none-eabi/10.2.0/../../../../arm-none-eabi/lib/thumb/v7e-m+fp/hard\libc_nano.a(lib_a-memcpy-stub.o)
 .text          0x004018e0        0x0 c:/nxp/s32ds.3.5/s32ds/build_tools/gcc_v10.2/gcc-10.2-arm32-eabi/bin/../lib/gcc/arm-none-eabi/10.2.0/../../../../arm-none-eabi/lib/thumb/v7e-m+fp/hard\libc_nano.a(lib_a-nano-freer.o)
 .text          0x004018e0        0x0 c:/nxp/s32ds.3.5/s32ds/build_tools/gcc_v10.2/gcc-10.2-arm32-eabi/bin/../lib/gcc/arm-none-eabi/10.2.0/../../../../arm-none-eabi/lib/thumb/v7e-m+fp/hard\libc_nano.a(lib_a-nano-mallocr.o)
 .text          0x004018e0        0x0 c:/nxp/s32ds.3.5/s32ds/build_tools/gcc_v10.2/gcc-10.2-arm32-eabi/bin/../lib/gcc/arm-none-eabi/10.2.0/../../../../arm-none-eabi/lib/thumb/v7e-m+fp/hard\libc_nano.a(lib_a-nano-reallocr.o)
 .text          0x004018e0        0x0 c:/nxp/s32ds.3.5/s32ds/build_tools/gcc_v10.2/gcc-10.2-arm32-eabi/bin/../lib/gcc/arm-none-eabi/10.2.0/../../../../arm-none-eabi/lib/thumb/v7e-m+fp/hard\libc_nano.a(lib_a-sbrkr.o)
 .text          0x004018e0        0x0 c:/nxp/s32ds.3.5/s32ds/build_tools/gcc_v10.2/gcc-10.2-arm32-eabi/bin/../lib/gcc/arm-none-eabi/10.2.0/../../../../arm-none-eabi/lib/thumb/v7e-m+fp/hard\libc_nano.a(lib_a-mlock.o)
 .text          0x004018e0        0x0 c:/nxp/s32ds.3.5/s32ds/build_tools/gcc_v10.2/gcc-10.2-arm32-eabi/bin/../lib/gcc/arm-none-eabi/10.2.0/../../../../arm-none-eabi/lib/thumb/v7e-m+fp/hard\libc_nano.a(lib_a-nano-msizer.o)
 .text          0x004018e0        0x0 c:/nxp/s32ds.3.5/s32ds/build_tools/gcc_v10.2/gcc-10.2-arm32-eabi/bin/../lib/gcc/arm-none-eabi/10.2.0/../../../../arm-none-eabi/lib/thumb/v7e-m+fp/hard\libc_nano.a(lib_a-reent.o)
 .text          0x004018e0        0x0 c:/nxp/s32ds.3.5/s32ds/build_tools/gcc_v10.2/gcc-10.2-arm32-eabi/bin/../lib/gcc/arm-none-eabi/10.2.0/../../../../arm-none-eabi/lib/thumb/v7e-m+fp/hard\libnosys.a(sbrk.o)
 *(.text*)
 .text.memmove  0x004018e0       0x34 c:/nxp/s32ds.3.5/s32ds/build_tools/gcc_v10.2/gcc-10.2-arm32-eabi/bin/../lib/gcc/arm-none-eabi/10.2.0/../../../../arm-none-eabi/lib/thumb/v7e-m+fp/hard\libc_nano.a(lib_a-memmove.o)
                0x004018e0                memmove
 .text.memset   0x00401914       0x10 c:/nxp/s32ds.3.5/s32ds/build_tools/gcc_v10.2/gcc-10.2-arm32-eabi/bin/../lib/gcc/arm-none-eabi/10.2.0/../../../../arm-none-eabi/lib/thumb/v7e-m+fp/hard\libc_nano.a(lib_a-memset.o)
                0x00401914                memset
 .text._vsprintf_r
                0x00401924       0x2c c:/nxp/s32ds.3.5/s32ds/build_tools/gcc_v10.2/gcc-10.2-arm32-eabi/bin/../lib/gcc/arm-none-eabi/10.2.0/../../../../arm-none-eabi/lib/thumb/v7e-m+fp/hard\libc_nano.a(lib_a-vsprintf.o)
                0x00401924                _vsprintf_r
                0x00401924                _vsiprintf_r
 .text.vsprintf
                0x00401950       0x14 c:/nxp/s32ds.3.5/s32ds/build_tools/gcc_v10.2/gcc-10.2-arm32-eabi/bin/../lib/gcc/arm-none-eabi/10.2.0/../../../../arm-none-eabi/lib/thumb/v7e-m+fp/hard\libc_nano.a(lib_a-vsprintf.o)
                0x00401950                vsiprintf
                0x00401950                vsprintf
 .text.__ssputs_r
                0x00401964       0xb6 c:/nxp/s32ds.3.5/s32ds/build_tools/gcc_v10.2/gcc-10.2-arm32-eabi/bin/../lib/gcc/arm-none-eabi/10.2.0/../../../../arm-none-eabi/lib/thumb/v7e-m+fp/hard\libc_nano.a(lib_a-nano-svfprintf.o)
                0x00401964                __ssputs_r
 .text.__ssprint_r
                0x00401a1a       0xf6 c:/nxp/s32ds.3.5/s32ds/build_tools/gcc_v10.2/gcc-10.2-arm32-eabi/bin/../lib/gcc/arm-none-eabi/10.2.0/../../../../arm-none-eabi/lib/thumb/v7e-m+fp/hard\libc_nano.a(lib_a-nano-svfprintf.o)
                0x00401a1a                __ssprint_r
 .text._svfprintf_r
                0x00401b10      0x200 c:/nxp/s32ds.3.5/s32ds/build_tools/gcc_v10.2/gcc-10.2-arm32-eabi/bin/../lib/gcc/arm-none-eabi/10.2.0/../../../../arm-none-eabi/lib/thumb/v7e-m+fp/hard\libc_nano.a(lib_a-nano-svfprintf.o)
                0x00401b10                _svfiprintf_r
                0x00401b10                _svfprintf_r
 .text._printf_common
                0x00401d10       0xda c:/nxp/s32ds.3.5/s32ds/build_tools/gcc_v10.2/gcc-10.2-arm32-eabi/bin/../lib/gcc/arm-none-eabi/10.2.0/../../../../arm-none-eabi/lib/thumb/v7e-m+fp/hard\libc_nano.a(lib_a-nano-vfprintf_i.o)
                0x00401d10                _printf_common
 *fill*         0x00401dea        0x2 
 .text._printf_i
                0x00401dec      0x24c c:/nxp/s32ds.3.5/s32ds/build_tools/gcc_v10.2/gcc-10.2-arm32-eabi/bin/../lib/gcc/arm-none-eabi/10.2.0/../../../../arm-none-eabi/lib/thumb/v7e-m+fp/hard\libc_nano.a(lib_a-nano-vfprintf_i.o)
                0x00401dec                _printf_i
 .text.memcpy   0x00402038       0x1c c:/nxp/s32ds.3.5/s32ds/build_tools/gcc_v10.2/gcc-10.2-arm32-eabi/bin/../lib/gcc/arm-none-eabi/10.2.0/../../../../arm-none-eabi/lib/thumb/v7e-m+fp/hard\libc_nano.a(lib_a-memcpy-stub.o)
                0x00402038                memcpy
 .text._free_r  0x00402054       0x98 c:/nxp/s32ds.3.5/s32ds/build_tools/gcc_v10.2/gcc-10.2-arm32-eabi/bin/../lib/gcc/arm-none-eabi/10.2.0/../../../../arm-none-eabi/lib/thumb/v7e-m+fp/hard\libc_nano.a(lib_a-nano-freer.o)
                0x00402054                _free_r
 .text._malloc_r
                0x004020ec       0xb4 c:/nxp/s32ds.3.5/s32ds/build_tools/gcc_v10.2/gcc-10.2-arm32-eabi/bin/../lib/gcc/arm-none-eabi/10.2.0/../../../../arm-none-eabi/lib/thumb/v7e-m+fp/hard\libc_nano.a(lib_a-nano-mallocr.o)
                0x004020ec                _malloc_r
 .text._realloc_r
                0x004021a0       0x4c c:/nxp/s32ds.3.5/s32ds/build_tools/gcc_v10.2/gcc-10.2-arm32-eabi/bin/../lib/gcc/arm-none-eabi/10.2.0/../../../../arm-none-eabi/lib/thumb/v7e-m+fp/hard\libc_nano.a(lib_a-nano-reallocr.o)
                0x004021a0                _realloc_r
 .text._sbrk_r  0x004021ec       0x20 c:/nxp/s32ds.3.5/s32ds/build_tools/gcc_v10.2/gcc-10.2-arm32-eabi/bin/../lib/gcc/arm-none-eabi/10.2.0/../../../../arm-none-eabi/lib/thumb/v7e-m+fp/hard\libc_nano.a(lib_a-sbrkr.o)
                0x004021ec                _sbrk_r
 .text.__malloc_lock
                0x0040220c        0x2 c:/nxp/s32ds.3.5/s32ds/build_tools/gcc_v10.2/gcc-10.2-arm32-eabi/bin/../lib/gcc/arm-none-eabi/10.2.0/../../../../arm-none-eabi/lib/thumb/v7e-m+fp/hard\libc_nano.a(lib_a-mlock.o)
                0x0040220c                __malloc_lock
 .text.__malloc_unlock
                0x0040220e        0x2 c:/nxp/s32ds.3.5/s32ds/build_tools/gcc_v10.2/gcc-10.2-arm32-eabi/bin/../lib/gcc/arm-none-eabi/10.2.0/../../../../arm-none-eabi/lib/thumb/v7e-m+fp/hard\libc_nano.a(lib_a-mlock.o)
                0x0040220e                __malloc_unlock
 .text._malloc_usable_size_r
                0x00402210       0x10 c:/nxp/s32ds.3.5/s32ds/build_tools/gcc_v10.2/gcc-10.2-arm32-eabi/bin/../lib/gcc/arm-none-eabi/10.2.0/../../../../arm-none-eabi/lib/thumb/v7e-m+fp/hard\libc_nano.a(lib_a-nano-msizer.o)
                0x00402210                _malloc_usable_size_r
 .text.cleanup_glue
                0x00402220       0x1a c:/nxp/s32ds.3.5/s32ds/build_tools/gcc_v10.2/gcc-10.2-arm32-eabi/bin/../lib/gcc/arm-none-eabi/10.2.0/../../../../arm-none-eabi/lib/thumb/v7e-m+fp/hard\libc_nano.a(lib_a-reent.o)
                0x00402220                cleanup_glue
 *fill*         0x0040223a        0x2 
 .text._reclaim_reent
                0x0040223c       0xb8 c:/nxp/s32ds.3.5/s32ds/build_tools/gcc_v10.2/gcc-10.2-arm32-eabi/bin/../lib/gcc/arm-none-eabi/10.2.0/../../../../arm-none-eabi/lib/thumb/v7e-m+fp/hard\libc_nano.a(lib_a-reent.o)
                0x0040223c                _reclaim_reent
 .text._sbrk    0x004022f4       0x1c c:/nxp/s32ds.3.5/s32ds/build_tools/gcc_v10.2/gcc-10.2-arm32-eabi/bin/../lib/gcc/arm-none-eabi/10.2.0/../../../../arm-none-eabi/lib/thumb/v7e-m+fp/hard\libnosys.a(sbrk.o)
                0x004022f4                _sbrk
                0x00402310                . = ALIGN (0x4)
 *(.mcal_text)
 .mcal_text     0x00402310       0x14 ./Project_Settings/Startup_Code/exceptions.o
                0x00402310                NMI_Handler
                0x00402312                HardFault_Handler
                0x00402314                MemManage_Handler
                0x00402316                BusFault_Handler
                0x00402318                UsageFault_Handler
                0x0040231a                SVC_Handler
                0x0040231c                DebugMon_Handler
                0x0040231e                PendSV_Handler
                0x00402320                SysTick_Handler
                0x00402322                undefined_handler
 .mcal_text     0x00402324       0x52 ./Project_Settings/Startup_Code/nvic.o
                0x00402324                NVIC_SetPriorityGrouping
                0x00402338                NVIC_EnableIRQ
                0x00402350                NVIC_DisableIRQ
                0x00402368                NVIC_SetPriority
 *fill*         0x00402376        0x2 
 .mcal_text     0x00402378       0x50 ./Project_Settings/Startup_Code/startup.o
                0x00402378                init_data_bss
 .mcal_text     0x004023c8      0x2e0 ./Project_Settings/Startup_Code/system.o
                0x004023c8                startup_go_to_user_mode
                0x004023ca                default_interrupt_routine
                0x004023cc                SystemInit
 .mcal_text     0x004026a8      0x964 ./RTD/src/Clock_Ip.o
                0x004026aa                Clock_Ip_InitClock
                0x00402cd0                Clock_Ip_GetPllStatus
                0x00402d74                Clock_Ip_DistributePll
                0x00402e6c                Clock_Ip_Init
                0x00402e90                Clock_Ip_DisableClockMonitor
                0x00402eb8                Clock_Ip_GetClockMonitorStatus
                0x00402ee0                Clock_Ip_ClearClockMonitorStatus
                0x00402f08                Clock_Ip_InstallNotificationsCallback
                0x00402f14                Clock_Ip_DisableModuleClock
                0x00402f3c                Clock_Ip_EnableModuleClock
                0x00402f64                Clock_Ip_DisableFircInStandby
                0x00402f7c                Clock_Ip_EnableFircInStandby
                0x00402f94                Clock_Ip_DisableSircInStandby
                0x00402fac                Clock_Ip_EnableSircInStandby
                0x00402fc4                Clock_Ip_ReportClockErrors
                0x00402fd0                Clock_Ip_StartTimeout
                0x00402ff0                Clock_Ip_TimeoutExpired
 .mcal_text     0x0040300c      0x184 ./RTD/src/Clock_Ip_Divider.o
 .mcal_text     0x00403190       0x9c ./RTD/src/Clock_Ip_DividerTrigger.o
 .mcal_text     0x0040322c      0x154 ./RTD/src/Clock_Ip_ExtOsc.o
 .mcal_text     0x00403380        0x6 ./RTD/src/Clock_Ip_FracDiv.o
 .mcal_text     0x00403386        0x2 ./RTD/src/Clock_Ip_Frequency.o
                0x00403386                Clock_Ip_SetExternalSignalFrequency
 .mcal_text     0x00403388      0x124 ./RTD/src/Clock_Ip_Gate.o
 .mcal_text     0x004034ac       0x7c ./RTD/src/Clock_Ip_IntOsc.o
 .mcal_text     0x00403528        0x4 ./RTD/src/Clock_Ip_Irq.o
                0x00403528                Mcu_Cmu_ClockFail_IRQHandler
 .mcal_text     0x0040352c      0x258 ./RTD/src/Clock_Ip_Monitor.o
                0x00403732                Clock_Ip_CMU_GetInterruptStatus
                0x00403744                Clock_Ip_CMU_ClockFailInt
 .mcal_text     0x00403784      0x140 ./RTD/src/Clock_Ip_Pll.o
 .mcal_text     0x004038c4      0x150 ./RTD/src/Clock_Ip_ProgFreqSwitch.o
 .mcal_text     0x00403a14      0x3b8 ./RTD/src/Clock_Ip_Selector.o
                0x00403da4                Clock_Ip_SetRtcRtccClksel_TrustedCall
 .mcal_text     0x00403dcc      0x260 ./RTD/src/Clock_Ip_Specific.o
                0x00403dcc                Clock_Ip_McMeEnterKey
                0x00403de0                DisableFircInStandbyMode
                0x00403df0                EnableFircInStandbyMode
                0x00403e0c                DisableSircInStandbyMode
                0x00403e1c                EnableSircInStandbyMode
                0x00403e38                Clock_Ip_ClockPowerModeChangeNotification
                0x00403e3a                Clock_Ip_Command
                0x00404020                Clock_Ip_FLASH_SetFlashIWS
                0x00404024                Clock_Ip_SetFlashWaitStates
                0x00404028                Clock_Ip_SetRamWaitStates
 .mcal_text     0x0040402c       0xa4 ./RTD/src/Det.o
                0x0040402c                Det_Init
                0x0040402e                Det_ReportError
                0x00404064                Det_ReportRuntimeError
                0x00404098                Det_ReportTransientFault
                0x004040cc                Det_Start
 .mcal_text     0x004040d0      0x21c ./RTD/src/Det_stub.o
                0x004040d0                Det_TestLastReportError
                0x00404138                Det_TestLastReportRuntimeError
                0x004041a0                Det_TestLastReportTransientFault
                0x00404208                Det_TestNoError
                0x00404254                Det_TestNoRuntimeError
                0x004042a0                Det_TestNoTransientFault
 .mcal_text     0x004042ec      0x94c ./RTD/src/Dma_Ip.o
                0x00404534                Dma_Ip_ConvertLogicChToHwCh
                0x00404548                Dma_Ip_SetLogicInstanceCommand
                0x00404574                Dma_Ip_GetLogicInstanceStatus
                0x0040458c                Dma_Ip_LogicChannelInit
                0x00404744                Dma_Ip_Init
                0x004047a4                Dma_Ip_LogicChannelDeinit
                0x00404814                Dma_Ip_Deinit
                0x00404840                Dma_Ip_SetLogicChannelCommand
                0x004048c8                Dma_Ip_GetLogicChannelStatus
                0x00404928                Dma_Ip_SetLogicChannelGlobalList
                0x004049b4                Dma_Ip_SetLogicChannelTransferList
                0x00404a88                Dma_Ip_SetLogicChannelScatterGatherList
                0x00404b30                Dma_Ip_GetLogicChannelParam
                0x00404b58                Dma_Ip_SetLogicChannelScatterGatherConfig
                0x00404be0                Dma_Ip_IntIrqHandler
                0x00404bf6                Dma_Ip_ErrorIrqHandler
 .mcal_text     0x00404c38       0xf0 ./RTD/src/Dma_Ip_Driver_State.o
                0x00404cb0                Dma_Ip_SetHwChannelState
                0x00404ce0                Dma_Ip_GetHwChannelState
                0x00404cfc                Dma_Ip_GetHwChannelStatePointer
                0x00404d14                Dma_Ip_SetHwChannelStatePointer
 .mcal_text     0x00404d28      0x970 ./RTD/src/Dma_Ip_Hw_Access.o
                0x00404d5c                HwAccDmaCh_GetParamDummyFunction
                0x00404d5e                HwAccDmaCh_CmdSetHwRequest
                0x00404d7c                HwAccDmaCh_CmdClearHwRequest
                0x00404d98                HwAccDmaCh_CmdSetSwRequest
                0x00404db4                HwAccDmaCh_CmdClearDone
                0x00404dd0                HwAccDmaCh_CmdClearError
                0x00404dec                HwAccDmaCh_SetControl_EnMasterIdReplication
                0x00404e10                HwAccDmaCh_SetControl_EnBufferedWrites
                0x00404e34                HwAccDmaCh_SetRequest_EnRequest
                0x00404e58                HwAccDmaCh_SetInterrupt_EnError
                0x00404e7c                HwAccDmaCh_SetPriority_Group
                0x00404e9e                HwAccDmaCh_SetPriority_Level
                0x00404ec0                HwAccDmaCh_SetPriority_EnPreemption
                0x00404ee4                HwAccDmaCh_SetPriority_DisPreempt
                0x00404f08                HwAccDmaCh_SetSource_Address
                0x00404f10                HwAccDmaCh_SetSource_SignedOffset
                0x00404f18                HwAccDmaCh_SetSource_LastAddrAdj
                0x00404f28                HwAccDmaCh_SetSource_TransferSize
                0x00404f3e                HwAccDmaCh_SetSource_Modulo
                0x00404f50                HwAccDmaCh_SetDestination_Address
                0x00404f58                HwAccDmaCh_SetDestination_SignedOffset
                0x00404f60                HwAccDmaCh_SetDestination_TransferSize
                0x00404f74                HwAccDmaCh_SetDestination_Modulo
                0x00404f88                HwAccDmaCh_SetMinorLoop_enSrcOffset
                0x00404f9a                HwAccDmaCh_SetMinorLoop_enDstOffset
                0x00404fb0                HwAccDmaCh_SetMinorLoop_Offset
                0x00404fd0                HwAccDmaCh_SetMinorLoop_Size
                0x00404ff4                HwAccDmaCh_SetMajorLoop_Count
                0x00405002                HwAccDmaCh_SetControl_EnMajor
                0x00405018                HwAccDmaCh_SetControl_EnHalfMajor
                0x0040502e                HwAccDmaCh_SetControl_DisAutoHwRequest
                0x00405044                HwAccDmaCh_SetControl_EnEndOfPacketSignal
                0x0040505a                HwAccDmaCh_SetControl_BandwidthControl
                0x0040506c                HwAccDmaCh_GetSourceAddress
                0x00405084                HwAccDmaCh_GetDestinationAddress
                0x0040509c                HwAccDmaCh_GetStoreDstAddress
                0x004050b8                HwAccDmaCh_GetMasterId
                0x004050d4                HwAccDmaCh_GetIntMajor
                0x004050f0                HwAccDmaCh_GetIntHalfMajor
                0x0040510c                HwAccDmaCh_SetMajorLoop_LogicLinkCh
                0x0040512e                hwAccDmaInst_CmdCancelTransfer
                0x00405144                hwAccDmaInst_CmdCancelTransferWithError
                0x0040515c                hwAccDmaInst_CmdHalt
                0x00405174                hwAccDmaInst_CmdResume
                0x0040518c                HwAccDmaCh_SetRequest_EnMuxSource
                0x004051c0                HwAccDmaCh_SetRequest_MuxSource
                0x004051f4                HwAccDmaCh_SetRequest_EnMuxTrigger
                0x0040522c                HwAccDmaCh_SetControl_StoreDestinationAddress
                0x0040523c                HwAccDmaCh_SetControl_EnStart
                0x00405252                HwAccDmaCh_GetCurrentIterCount
                0x00405278                HwAccDmaCh_GetBeginIterCount
                0x0040529c                HwAccDmaCh_SetDestination_LastAddrAdj
                0x004052a4                HwAccDmaCh_SetMajorLoop_EnLink
                0x004052ba                HwAccDmaCh_SetMinorLoop_EnLink
                0x004052d8                HwAccDmaCh_SetMinorLoop_LogicLinkCh
                0x00405304                HwAccDmaInst_SetConfig
                0x00405360                HwAccDmaInst_SetCommand
                0x00405374                HwAccDmaInst_GetStatus
                0x0040539c                HwAccDmaCh_SetCommand
                0x004053bc                HwAccDmaCh_GetStatus
                0x004053dc                HwAccDmaCh_GetStatus_Error
                0x004053fc                HwAccDmaCh_SetGlobalParam
                0x0040541c                HwAccDmaCh_SetTransferParam
                0x0040543c                HwAccDmaCh_GetParam
                0x0040545c                HwAccDmaCh_LoadConfigIntoSoftwareTcd
                0x00405628                HwAccDmaCh_LoadSoftwareTcdIntoHardwareTcd
                0x00405678                HwAccDmaCh_SetControl_ScatterGatherAddress
                0x00405680                HwAccDmaCh_SetControl_EnScatterGatherProcessing
 .mcal_text     0x00405698       0xd4 ./RTD/src/Dma_Ip_Irq.o
                0x004056ec                Dma0_Ch0_IRQHandler
                0x004056f0                Dma0_Ch1_IRQHandler
                0x004056f4                Dma0_Ch2_IRQHandler
                0x004056f8                Dma0_Ch3_IRQHandler
                0x004056fc                Dma0_Ch4_IRQHandler
                0x00405700                Dma0_Ch5_IRQHandler
                0x00405704                Dma0_Ch6_IRQHandler
                0x00405708                Dma0_Ch7_IRQHandler
                0x0040570c                Dma0_Ch8_IRQHandler
                0x00405710                Dma0_Ch9_IRQHandler
                0x00405714                Dma0_Ch10_IRQHandler
                0x00405718                Dma0_Ch11_IRQHandler
                0x0040571c                Dma0_Ch12_IRQHandler
                0x00405720                Dma0_Ch13_IRQHandler
                0x00405724                Dma0_Ch14_IRQHandler
                0x00405728                Dma0_Ch15_IRQHandler
                0x0040572c                Dma0_Ch16_IRQHandler
                0x00405730                Dma0_Ch17_IRQHandler
                0x00405734                Dma0_Ch18_IRQHandler
                0x00405738                Dma0_Ch19_IRQHandler
                0x0040573c                Dma0_Ch20_IRQHandler
                0x00405740                Dma0_Ch21_IRQHandler
                0x00405744                Dma0_Ch22_IRQHandler
                0x00405748                Dma0_Ch23_IRQHandler
                0x0040574c                Dma0_Ch24_IRQHandler
                0x00405750                Dma0_Ch25_IRQHandler
                0x00405754                Dma0_Ch26_IRQHandler
                0x00405758                Dma0_Ch27_IRQHandler
                0x0040575c                Dma0_Ch28_IRQHandler
                0x00405760                Dma0_Ch29_IRQHandler
                0x00405764                Dma0_Ch30_IRQHandler
                0x00405768                Dma0_Ch31_IRQHandler
 .mcal_text     0x0040576c       0x4c ./RTD/src/Flexio_Mcl_Ip.o
                0x0040576c                Flexio_Mcl_Ip_InitDevice
                0x0040579c                Flexio_Mcl_Ip_DeinitDevice
 .mcal_text     0x004057b8      0x194 ./RTD/src/Flexio_Mcl_Ip_HwAccess.o
                0x004057b8                Flexio_Mcl_Ip_SetSoftwareReset
                0x004057dc                Flexio_Mcl_Ip_SetDebugEnable
                0x00405802                Flexio_Mcl_Ip_SetEnable
                0x0040581e                Flexio_Mcl_Ip_GetShifterStatus
                0x00405828                Flexio_Mcl_Ip_GetAllShifterStatus
                0x0040582c                Flexio_Mcl_Ip_ClearShifterStatus
                0x00405836                Flexio_Mcl_Ip_GetShifterErrorStatus
                0x00405840                Flexio_Mcl_Ip_GetAllShifterErrorStatus
                0x00405844                Flexio_Mcl_Ip_ClearShifterErrorStatus
                0x0040584e                Flexio_Mcl_Ip_GetTimerStatus
                0x00405858                Flexio_Mcl_Ip_GetTimerInterruptEnable
                0x00405862                Flexio_Mcl_Ip_GetAllTimerStatus
                0x00405866                Flexio_Mcl_Ip_ClearTimerStatus
                0x00405870                Flexio_Mcl_Ip_GetAllShifterInterrupt
                0x00405874                Flexio_Mcl_Ip_GetAllShifterErrorInterrupt
                0x00405878                Flexio_Mcl_Ip_SetShifterErrorInterrupt
                0x0040589a                Flexio_Mcl_Ip_SetShifterInterrupt
                0x004058bc                Flexio_Mcl_Ip_GetAllPinsStatus
                0x004058c0                Flexio_Mcl_Ip_GetAllPinsInterrupt
                0x004058c4                Flexio_Mcl_Ip_SetShifterDMARequest
                0x004058e6                Flexio_Mcl_Ip_GetAllTimerInterrupt
                0x004058ea                Flexio_Mcl_Ip_SetTimerInterrupt
                0x0040590c                Flexio_Mcl_Ip_Init
                0x0040591c                Flexio_Mcl_Ip_SetTimerDMARequest
                0x0040593e                Flexio_Mcl_Ip_ClearPinStatus
 .mcal_text     0x0040594c       0x80 ./RTD/src/Flexio_Mcl_Ip_Irq.o
                0x0040594c                MCL_FLEXIO_ISR
 .mcal_text     0x004059cc      0x824 ./RTD/src/Flexio_Spi_Ip.o
                0x00405c54                Flexio_Spi_Ip_DeInit
                0x00405c88                Flexio_Spi_Ip_SyncTransmit
                0x00405e10                Flexio_Spi_Ip_AsyncTransmit
                0x00405ecc                Flexio_Spi_Ip_ManageBuffers
                0x00405f6c                Flexio_Spi_Ip_UpdateFrameSize
                0x00405fb8                Flexio_Spi_Ip_UpdateLsb
                0x00405fec                Flexio_Spi_Ip_UpdateDefaultTransmitData
                0x00406020                Flexio_Spi_Ip_UpdateTransferMode
                0x00406050                Flexio_Spi_Ip_Init
                0x004060a0                Flexio_Spi_Ip_Cancel
                0x00406154                Flexio_Spi_Ip_IrqHandler
                0x004061cc                Flexio_Spi_Ip_GetStatus
 .mcal_text     0x004061f0      0x308 ./RTD/src/IntCtrl_Ip.o
                0x004061f0                IntCtrl_Ip_InstallHandlerPrivileged
                0x00406244                IntCtrl_Ip_EnableIrqPrivileged
                0x00406274                IntCtrl_Ip_DisableIrqPrivileged
                0x004062a4                IntCtrl_Ip_SetPriorityPrivileged
                0x004062dc                IntCtrl_Ip_GetPriorityPrivileged
                0x00406304                IntCtrl_Ip_ClearPendingPrivileged
                0x00406334                IntCtrl_Ip_SetPendingPrivileged
                0x00406364                IntCtrl_Ip_GetPendingPrivileged
                0x00406394                IntCtrl_Ip_GetActivePrivileged
                0x004063c4                IntCtrl_Ip_SetTargetCoresPrivileged
                0x0040640c                IntCtrl_Ip_Init
                0x0040646a                IntCtrl_Ip_ConfigIrqRouting
                0x004064ba                IntCtrl_Ip_InstallHandler
                0x004064be                IntCtrl_Ip_EnableIrq
                0x004064c2                IntCtrl_Ip_DisableIrq
                0x004064c6                IntCtrl_Ip_SetPriority
                0x004064ca                IntCtrl_Ip_GetPriority
                0x004064ce                IntCtrl_Ip_ClearPending
                0x004064d2                IntCtrl_Ip_SetPending
                0x004064d6                IntCtrl_Ip_GetPending
                0x004064e4                IntCtrl_Ip_GetActive
                0x004064f2                IntCtrl_Ip_SetTargetCores
 .mcal_text     0x004064f8     0x17b4 ./RTD/src/Lpspi_Ip.o
                0x00406f12                Lpspi_Ip_IrqTxDmaHandler
                0x00407058                Lpspi_Ip_IrqRxDmaHandler
                0x00407118                Lpspi_Ip_DeInit
                0x00407164                Lpspi_Ip_SyncTransmit
                0x004073d8                Lpspi_Ip_SyncTransmitHalfDuplex
                0x00407680                Lpspi_Ip_AsyncTransmit
                0x0040774c                Lpspi_Ip_AsyncTransmitHalfDuplex
                0x00407854                Lpspi_Ip_ManageBuffers
                0x00407904                Lpspi_Ip_UpdateFrameSize
                0x00407950                Lpspi_Ip_UpdateLsb
                0x00407984                Lpspi_Ip_UpdateDefaultTransmitData
                0x004079b8                Lpspi_Ip_UpdateTransferMode
                0x00407a18                Lpspi_Ip_Init
                0x00407bc4                Lpspi_Ip_Cancel
                0x00407c3c                Lpspi_Ip_IrqHandler
                0x00407c8c                Lpspi_Ip_GetStatus
 .mcal_text     0x00407cac       0x12 ./RTD/src/Lpspi_Ip_Irq.o
                0x00407cac                Lpspi_Ip_LPSPI_1_IRQHandler
                0x00407cb2                Lpspi_Ip_LPSPI_1_IrqTxDmaHandler
                0x00407cb8                Lpspi_Ip_LPSPI_1_IrqRxDmaHandler
 *fill*         0x00407cbe        0x2 
 .mcal_text     0x00407cc0      0xdb4 ./RTD/src/Lpuart_Uart_Ip.o
                0x00407f24                Lpuart_Uart_Ip_Init
                0x00408074                Lpuart_Uart_Ip_Deinit
                0x00408118                Lpuart_Uart_Ip_SyncSend
                0x00408204                Lpuart_Uart_Ip_AsyncSend
                0x004082c4                Lpuart_Uart_Ip_GetTransmitStatus
                0x00408318                Lpuart_Uart_Ip_AbortSendingData
                0x00408380                Lpuart_Uart_Ip_SyncReceive
                0x004084f4                Lpuart_Uart_Ip_AsyncReceive
                0x004085ec                Lpuart_Uart_Ip_GetReceiveStatus
                0x00408640                Lpuart_Uart_Ip_AbortReceivingData
                0x004086b8                Lpuart_Uart_Ip_SetBaudRate
                0x004087b8                Lpuart_Uart_Ip_GetBaudRate
                0x004087e4                Lpuart_Uart_Ip_SetTxBuffer
                0x00408818                Lpuart_Uart_Ip_SetRxBuffer
                0x0040884c                Lpuart_Uart_Ip_IrqHandler
 .mcal_text     0x00408a74        0x6 ./RTD/src/Lpuart_Uart_Ip_Irq.o
                0x00408a74                LPUART_UART_IP_6_IRQHandler
 .mcal_text     0x00408a7a       0x1e ./RTD/src/OsIf_Timer.o
                0x00408a7a                OsIf_Init
                0x00408a82                OsIf_GetCounter
                0x00408a86                OsIf_GetElapsed
                0x00408a8e                OsIf_SetTimerFrequency
                0x00408a90                OsIf_MicrosToTicks
 .mcal_text     0x00408a98       0x42 ./RTD/src/OsIf_Timer_System_Internal_Systick.o
                0x00408a98                OsIf_Timer_System_Internal_Init
                0x00408aae                OsIf_Timer_System_Internal_GetCounter
                0x00408aba                OsIf_Timer_System_Internal_GetElapsed
 *fill*         0x00408ada        0x2 
 .mcal_text     0x00408adc     0x1318 ./RTD/src/SchM_Mcl.o
                0x00408adc                SchM_Enter_Mcl_MCL_EXCLUSIVE_AREA_00
                0x00408b14                SchM_Exit_Mcl_MCL_EXCLUSIVE_AREA_00
                0x00408b44                SchM_Enter_Mcl_MCL_EXCLUSIVE_AREA_01
                0x00408b7c                SchM_Exit_Mcl_MCL_EXCLUSIVE_AREA_01
                0x00408bac                SchM_Enter_Mcl_MCL_EXCLUSIVE_AREA_02
                0x00408be4                SchM_Exit_Mcl_MCL_EXCLUSIVE_AREA_02
                0x00408c14                SchM_Enter_Mcl_MCL_EXCLUSIVE_AREA_03
                0x00408c4c                SchM_Exit_Mcl_MCL_EXCLUSIVE_AREA_03
                0x00408c7c                SchM_Enter_Mcl_MCL_EXCLUSIVE_AREA_04
                0x00408cb4                SchM_Exit_Mcl_MCL_EXCLUSIVE_AREA_04
                0x00408ce4                SchM_Enter_Mcl_MCL_EXCLUSIVE_AREA_05
                0x00408d1c                SchM_Exit_Mcl_MCL_EXCLUSIVE_AREA_05
                0x00408d4c                SchM_Enter_Mcl_MCL_EXCLUSIVE_AREA_06
                0x00408d84                SchM_Exit_Mcl_MCL_EXCLUSIVE_AREA_06
                0x00408db4                SchM_Enter_Mcl_MCL_EXCLUSIVE_AREA_07
                0x00408dec                SchM_Exit_Mcl_MCL_EXCLUSIVE_AREA_07
                0x00408e1c                SchM_Enter_Mcl_MCL_EXCLUSIVE_AREA_08
                0x00408e54                SchM_Exit_Mcl_MCL_EXCLUSIVE_AREA_08
                0x00408e84                SchM_Enter_Mcl_MCL_EXCLUSIVE_AREA_09
                0x00408ebc                SchM_Exit_Mcl_MCL_EXCLUSIVE_AREA_09
                0x00408eec                SchM_Enter_Mcl_MCL_EXCLUSIVE_AREA_10
                0x00408f24                SchM_Exit_Mcl_MCL_EXCLUSIVE_AREA_10
                0x00408f54                SchM_Enter_Mcl_MCL_EXCLUSIVE_AREA_11
                0x00408f8c                SchM_Exit_Mcl_MCL_EXCLUSIVE_AREA_11
                0x00408fbc                SchM_Enter_Mcl_MCL_EXCLUSIVE_AREA_12
                0x00408ff4                SchM_Exit_Mcl_MCL_EXCLUSIVE_AREA_12
                0x00409024                SchM_Enter_Mcl_MCL_EXCLUSIVE_AREA_13
                0x0040905c                SchM_Exit_Mcl_MCL_EXCLUSIVE_AREA_13
                0x0040908c                SchM_Enter_Mcl_MCL_EXCLUSIVE_AREA_14
                0x004090c4                SchM_Exit_Mcl_MCL_EXCLUSIVE_AREA_14
                0x004090f4                SchM_Enter_Mcl_MCL_EXCLUSIVE_AREA_15
                0x0040912c                SchM_Exit_Mcl_MCL_EXCLUSIVE_AREA_15
                0x0040915c                SchM_Enter_Mcl_MCL_EXCLUSIVE_AREA_16
                0x00409194                SchM_Exit_Mcl_MCL_EXCLUSIVE_AREA_16
                0x004091c4                SchM_Enter_Mcl_MCL_EXCLUSIVE_AREA_17
                0x004091fc                SchM_Exit_Mcl_MCL_EXCLUSIVE_AREA_17
                0x0040922c                SchM_Enter_Mcl_MCL_EXCLUSIVE_AREA_18
                0x00409264                SchM_Exit_Mcl_MCL_EXCLUSIVE_AREA_18
                0x00409294                SchM_Enter_Mcl_MCL_EXCLUSIVE_AREA_19
                0x004092cc                SchM_Exit_Mcl_MCL_EXCLUSIVE_AREA_19
                0x004092fc                SchM_Enter_Mcl_MCL_EXCLUSIVE_AREA_20
                0x00409334                SchM_Exit_Mcl_MCL_EXCLUSIVE_AREA_20
                0x00409364                SchM_Enter_Mcl_MCL_EXCLUSIVE_AREA_21
                0x0040939c                SchM_Exit_Mcl_MCL_EXCLUSIVE_AREA_21
                0x004093cc                SchM_Enter_Mcl_MCL_EXCLUSIVE_AREA_22
                0x00409404                SchM_Exit_Mcl_MCL_EXCLUSIVE_AREA_22
                0x00409434                SchM_Enter_Mcl_MCL_EXCLUSIVE_AREA_23
                0x0040946c                SchM_Exit_Mcl_MCL_EXCLUSIVE_AREA_23
                0x0040949c                SchM_Enter_Mcl_MCL_EXCLUSIVE_AREA_24
                0x004094d4                SchM_Exit_Mcl_MCL_EXCLUSIVE_AREA_24
                0x00409504                SchM_Enter_Mcl_MCL_EXCLUSIVE_AREA_25
                0x0040953c                SchM_Exit_Mcl_MCL_EXCLUSIVE_AREA_25
                0x0040956c                SchM_Enter_Mcl_MCL_EXCLUSIVE_AREA_26
                0x004095a4                SchM_Exit_Mcl_MCL_EXCLUSIVE_AREA_26
                0x004095d4                SchM_Enter_Mcl_MCL_EXCLUSIVE_AREA_27
                0x0040960c                SchM_Exit_Mcl_MCL_EXCLUSIVE_AREA_27
                0x0040963c                SchM_Enter_Mcl_MCL_EXCLUSIVE_AREA_28
                0x00409674                SchM_Exit_Mcl_MCL_EXCLUSIVE_AREA_28
                0x004096a4                SchM_Enter_Mcl_MCL_EXCLUSIVE_AREA_29
                0x004096dc                SchM_Exit_Mcl_MCL_EXCLUSIVE_AREA_29
                0x0040970c                SchM_Enter_Mcl_MCL_EXCLUSIVE_AREA_30
                0x00409744                SchM_Exit_Mcl_MCL_EXCLUSIVE_AREA_30
                0x00409774                SchM_Enter_Mcl_MCL_EXCLUSIVE_AREA_31
                0x004097ac                SchM_Exit_Mcl_MCL_EXCLUSIVE_AREA_31
                0x004097dc                SchM_Enter_Mcl_MCL_EXCLUSIVE_AREA_32
                0x00409814                SchM_Exit_Mcl_MCL_EXCLUSIVE_AREA_32
                0x00409844                SchM_Enter_Mcl_MCL_EXCLUSIVE_AREA_33
                0x0040987c                SchM_Exit_Mcl_MCL_EXCLUSIVE_AREA_33
                0x004098ac                SchM_Enter_Mcl_MCL_EXCLUSIVE_AREA_34
                0x004098e4                SchM_Exit_Mcl_MCL_EXCLUSIVE_AREA_34
                0x00409914                SchM_Enter_Mcl_MCL_EXCLUSIVE_AREA_35
                0x0040994c                SchM_Exit_Mcl_MCL_EXCLUSIVE_AREA_35
                0x0040997c                SchM_Enter_Mcl_MCL_EXCLUSIVE_AREA_36
                0x004099b4                SchM_Exit_Mcl_MCL_EXCLUSIVE_AREA_36
                0x004099e4                SchM_Enter_Mcl_MCL_EXCLUSIVE_AREA_37
                0x00409a1c                SchM_Exit_Mcl_MCL_EXCLUSIVE_AREA_37
                0x00409a4c                SchM_Enter_Mcl_MCL_EXCLUSIVE_AREA_38
                0x00409a84                SchM_Exit_Mcl_MCL_EXCLUSIVE_AREA_38
                0x00409ab4                SchM_Enter_Mcl_MCL_EXCLUSIVE_AREA_39
                0x00409aec                SchM_Exit_Mcl_MCL_EXCLUSIVE_AREA_39
                0x00409b1c                SchM_Enter_Mcl_MCL_EXCLUSIVE_AREA_40
                0x00409b54                SchM_Exit_Mcl_MCL_EXCLUSIVE_AREA_40
                0x00409b84                SchM_Enter_Mcl_MCL_EXCLUSIVE_AREA_41
                0x00409bbc                SchM_Exit_Mcl_MCL_EXCLUSIVE_AREA_41
                0x00409bec                SchM_Enter_Mcl_MCL_EXCLUSIVE_AREA_42
                0x00409c24                SchM_Exit_Mcl_MCL_EXCLUSIVE_AREA_42
                0x00409c54                SchM_Enter_Mcl_MCL_EXCLUSIVE_AREA_43
                0x00409c8c                SchM_Exit_Mcl_MCL_EXCLUSIVE_AREA_43
                0x00409cbc                SchM_Enter_Mcl_MCL_EXCLUSIVE_AREA_44
                0x00409cf4                SchM_Exit_Mcl_MCL_EXCLUSIVE_AREA_44
                0x00409d24                SchM_Enter_Mcl_MCL_EXCLUSIVE_AREA_45
                0x00409d5c                SchM_Exit_Mcl_MCL_EXCLUSIVE_AREA_45
                0x00409d8c                SchM_Enter_Mcl_MCL_EXCLUSIVE_AREA_46
                0x00409dc4                SchM_Exit_Mcl_MCL_EXCLUSIVE_AREA_46
 .mcal_text     0x00409df4      0x138 ./RTD/src/SchM_Mcu.o
                0x00409df4                SchM_Enter_Mcu_MCU_EXCLUSIVE_AREA_00
                0x00409e2c                SchM_Exit_Mcu_MCU_EXCLUSIVE_AREA_00
                0x00409e5c                SchM_Enter_Mcu_MCU_EXCLUSIVE_AREA_01
                0x00409e94                SchM_Exit_Mcu_MCU_EXCLUSIVE_AREA_01
                0x00409ec4                SchM_Enter_Mcu_MCU_EXCLUSIVE_AREA_02
                0x00409efc                SchM_Exit_Mcu_MCU_EXCLUSIVE_AREA_02
 .mcal_text     0x00409f2c      0xb60 ./RTD/src/SchM_Port.o
                0x00409f2c                SchM_Enter_Port_PORT_EXCLUSIVE_AREA_00
                0x00409f64                SchM_Exit_Port_PORT_EXCLUSIVE_AREA_00
                0x00409f94                SchM_Enter_Port_PORT_EXCLUSIVE_AREA_01
                0x00409fcc                SchM_Exit_Port_PORT_EXCLUSIVE_AREA_01
                0x00409ffc                SchM_Enter_Port_PORT_EXCLUSIVE_AREA_02
                0x0040a034                SchM_Exit_Port_PORT_EXCLUSIVE_AREA_02
                0x0040a064                SchM_Enter_Port_PORT_EXCLUSIVE_AREA_03
                0x0040a09c                SchM_Exit_Port_PORT_EXCLUSIVE_AREA_03
                0x0040a0cc                SchM_Enter_Port_PORT_EXCLUSIVE_AREA_04
                0x0040a104                SchM_Exit_Port_PORT_EXCLUSIVE_AREA_04
                0x0040a134                SchM_Enter_Port_PORT_EXCLUSIVE_AREA_05
                0x0040a16c                SchM_Exit_Port_PORT_EXCLUSIVE_AREA_05
                0x0040a19c                SchM_Enter_Port_PORT_EXCLUSIVE_AREA_06
                0x0040a1d4                SchM_Exit_Port_PORT_EXCLUSIVE_AREA_06
                0x0040a204                SchM_Enter_Port_PORT_EXCLUSIVE_AREA_07
                0x0040a23c                SchM_Exit_Port_PORT_EXCLUSIVE_AREA_07
                0x0040a26c                SchM_Enter_Port_PORT_EXCLUSIVE_AREA_08
                0x0040a2a4                SchM_Exit_Port_PORT_EXCLUSIVE_AREA_08
                0x0040a2d4                SchM_Enter_Port_PORT_EXCLUSIVE_AREA_09
                0x0040a30c                SchM_Exit_Port_PORT_EXCLUSIVE_AREA_09
                0x0040a33c                SchM_Enter_Port_PORT_EXCLUSIVE_AREA_10
                0x0040a374                SchM_Exit_Port_PORT_EXCLUSIVE_AREA_10
                0x0040a3a4                SchM_Enter_Port_PORT_EXCLUSIVE_AREA_11
                0x0040a3dc                SchM_Exit_Port_PORT_EXCLUSIVE_AREA_11
                0x0040a40c                SchM_Enter_Port_PORT_EXCLUSIVE_AREA_12
                0x0040a444                SchM_Exit_Port_PORT_EXCLUSIVE_AREA_12
                0x0040a474                SchM_Enter_Port_PORT_EXCLUSIVE_AREA_13
                0x0040a4ac                SchM_Exit_Port_PORT_EXCLUSIVE_AREA_13
                0x0040a4dc                SchM_Enter_Port_PORT_EXCLUSIVE_AREA_14
                0x0040a514                SchM_Exit_Port_PORT_EXCLUSIVE_AREA_14
                0x0040a544                SchM_Enter_Port_PORT_EXCLUSIVE_AREA_15
                0x0040a57c                SchM_Exit_Port_PORT_EXCLUSIVE_AREA_15
                0x0040a5ac                SchM_Enter_Port_PORT_EXCLUSIVE_AREA_16
                0x0040a5e4                SchM_Exit_Port_PORT_EXCLUSIVE_AREA_16
                0x0040a614                SchM_Enter_Port_PORT_EXCLUSIVE_AREA_17
                0x0040a64c                SchM_Exit_Port_PORT_EXCLUSIVE_AREA_17
                0x0040a67c                SchM_Enter_Port_PORT_EXCLUSIVE_AREA_18
                0x0040a6b4                SchM_Exit_Port_PORT_EXCLUSIVE_AREA_18
                0x0040a6e4                SchM_Enter_Port_PORT_EXCLUSIVE_AREA_19
                0x0040a71c                SchM_Exit_Port_PORT_EXCLUSIVE_AREA_19
                0x0040a74c                SchM_Enter_Port_PORT_EXCLUSIVE_AREA_20
                0x0040a784                SchM_Exit_Port_PORT_EXCLUSIVE_AREA_20
                0x0040a7b4                SchM_Enter_Port_PORT_EXCLUSIVE_AREA_21
                0x0040a7ec                SchM_Exit_Port_PORT_EXCLUSIVE_AREA_21
                0x0040a81c                SchM_Enter_Port_PORT_EXCLUSIVE_AREA_22
                0x0040a854                SchM_Exit_Port_PORT_EXCLUSIVE_AREA_22
                0x0040a884                SchM_Enter_Port_PORT_EXCLUSIVE_AREA_23
                0x0040a8bc                SchM_Exit_Port_PORT_EXCLUSIVE_AREA_23
                0x0040a8ec                SchM_Enter_Port_PORT_EXCLUSIVE_AREA_24
                0x0040a924                SchM_Exit_Port_PORT_EXCLUSIVE_AREA_24
                0x0040a954                SchM_Enter_Port_PORT_EXCLUSIVE_AREA_25
                0x0040a98c                SchM_Exit_Port_PORT_EXCLUSIVE_AREA_25
                0x0040a9bc                SchM_Enter_Port_PORT_EXCLUSIVE_AREA_26
                0x0040a9f4                SchM_Exit_Port_PORT_EXCLUSIVE_AREA_26
                0x0040aa24                SchM_Enter_Port_PORT_EXCLUSIVE_AREA_27
                0x0040aa5c                SchM_Exit_Port_PORT_EXCLUSIVE_AREA_27
 .mcal_text     0x0040aa8c      0x7b8 ./RTD/src/SchM_Spi.o
                0x0040aa8c                SchM_Enter_Spi_SPI_EXCLUSIVE_AREA_00
                0x0040aac4                SchM_Exit_Spi_SPI_EXCLUSIVE_AREA_00
                0x0040aaf4                SchM_Enter_Spi_SPI_EXCLUSIVE_AREA_01
                0x0040ab2c                SchM_Exit_Spi_SPI_EXCLUSIVE_AREA_01
                0x0040ab5c                SchM_Enter_Spi_SPI_EXCLUSIVE_AREA_02
                0x0040ab94                SchM_Exit_Spi_SPI_EXCLUSIVE_AREA_02
                0x0040abc4                SchM_Enter_Spi_SPI_EXCLUSIVE_AREA_03
                0x0040abfc                SchM_Exit_Spi_SPI_EXCLUSIVE_AREA_03
                0x0040ac2c                SchM_Enter_Spi_SPI_EXCLUSIVE_AREA_04
                0x0040ac64                SchM_Exit_Spi_SPI_EXCLUSIVE_AREA_04
                0x0040ac94                SchM_Enter_Spi_SPI_EXCLUSIVE_AREA_05
                0x0040accc                SchM_Exit_Spi_SPI_EXCLUSIVE_AREA_05
                0x0040acfc                SchM_Enter_Spi_SPI_EXCLUSIVE_AREA_06
                0x0040ad34                SchM_Exit_Spi_SPI_EXCLUSIVE_AREA_06
                0x0040ad64                SchM_Enter_Spi_SPI_EXCLUSIVE_AREA_07
                0x0040ad9c                SchM_Exit_Spi_SPI_EXCLUSIVE_AREA_07
                0x0040adcc                SchM_Enter_Spi_SPI_EXCLUSIVE_AREA_08
                0x0040ae04                SchM_Exit_Spi_SPI_EXCLUSIVE_AREA_08
                0x0040ae34                SchM_Enter_Spi_SPI_EXCLUSIVE_AREA_09
                0x0040ae6c                SchM_Exit_Spi_SPI_EXCLUSIVE_AREA_09
                0x0040ae9c                SchM_Enter_Spi_SPI_EXCLUSIVE_AREA_10
                0x0040aed4                SchM_Exit_Spi_SPI_EXCLUSIVE_AREA_10
                0x0040af04                SchM_Enter_Spi_SPI_EXCLUSIVE_AREA_11
                0x0040af3c                SchM_Exit_Spi_SPI_EXCLUSIVE_AREA_11
                0x0040af6c                SchM_Enter_Spi_SPI_EXCLUSIVE_AREA_12
                0x0040afa4                SchM_Exit_Spi_SPI_EXCLUSIVE_AREA_12
                0x0040afd4                SchM_Enter_Spi_SPI_EXCLUSIVE_AREA_13
                0x0040b00c                SchM_Exit_Spi_SPI_EXCLUSIVE_AREA_13
                0x0040b03c                SchM_Enter_Spi_SPI_EXCLUSIVE_AREA_14
                0x0040b074                SchM_Exit_Spi_SPI_EXCLUSIVE_AREA_14
                0x0040b0a4                SchM_Enter_Spi_SPI_EXCLUSIVE_AREA_15
                0x0040b0dc                SchM_Exit_Spi_SPI_EXCLUSIVE_AREA_15
                0x0040b10c                SchM_Enter_Spi_SPI_EXCLUSIVE_AREA_16
                0x0040b144                SchM_Exit_Spi_SPI_EXCLUSIVE_AREA_16
                0x0040b174                SchM_Enter_Spi_SPI_EXCLUSIVE_AREA_17
                0x0040b1ac                SchM_Exit_Spi_SPI_EXCLUSIVE_AREA_17
                0x0040b1dc                SchM_Enter_Spi_SPI_EXCLUSIVE_AREA_18
                0x0040b214                SchM_Exit_Spi_SPI_EXCLUSIVE_AREA_18
 .mcal_text     0x0040b244      0x3a8 ./RTD/src/SchM_Uart.o
                0x0040b244                SchM_Enter_Uart_UART_EXCLUSIVE_AREA_00
                0x0040b27c                SchM_Exit_Uart_UART_EXCLUSIVE_AREA_00
                0x0040b2ac                SchM_Enter_Uart_UART_EXCLUSIVE_AREA_01
                0x0040b2e4                SchM_Exit_Uart_UART_EXCLUSIVE_AREA_01
                0x0040b314                SchM_Enter_Uart_UART_EXCLUSIVE_AREA_02
                0x0040b34c                SchM_Exit_Uart_UART_EXCLUSIVE_AREA_02
                0x0040b37c                SchM_Enter_Uart_UART_EXCLUSIVE_AREA_03
                0x0040b3b4                SchM_Exit_Uart_UART_EXCLUSIVE_AREA_03
                0x0040b3e4                SchM_Enter_Uart_UART_EXCLUSIVE_AREA_04
                0x0040b41c                SchM_Exit_Uart_UART_EXCLUSIVE_AREA_04
                0x0040b44c                SchM_Enter_Uart_UART_EXCLUSIVE_AREA_05
                0x0040b484                SchM_Exit_Uart_UART_EXCLUSIVE_AREA_05
                0x0040b4b4                SchM_Enter_Uart_UART_EXCLUSIVE_AREA_06
                0x0040b4ec                SchM_Exit_Uart_UART_EXCLUSIVE_AREA_06
                0x0040b51c                SchM_Enter_Uart_UART_EXCLUSIVE_AREA_07
                0x0040b554                SchM_Exit_Uart_UART_EXCLUSIVE_AREA_07
                0x0040b584                SchM_Enter_Uart_UART_EXCLUSIVE_AREA_08
                0x0040b5bc                SchM_Exit_Uart_UART_EXCLUSIVE_AREA_08
 .mcal_text     0x0040b5ec      0x38c ./RTD/src/Siul2_Port_Ip.o
                0x0040b6f0                Siul2_Port_Ip_Init
                0x0040b720                Siul2_Port_Ip_SetPullSel
                0x0040b762                Siul2_Port_Ip_SetOutputBuffer
                0x0040b7b2                Siul2_Port_Ip_SetInputBuffer
                0x0040b816                Siul2_Port_Ip_SetPinDirection
                0x0040b878                Siul2_Port_Ip_RevertPinConfiguration
                0x0040b8c4                Siul2_Port_Ip_GetPinConfiguration
 .mcal_text     0x0040b978       0xb8 ./RTD/src/Tspc_Port_Ip.o
                0x0040b978                Tspc_Port_Ip_EnableObeGroup
                0x0040b9a0                Tspc_Port_Ip_ConfigureObeGroup
                0x0040ba30                . = ALIGN (0x4)
 *(.acmcu_code_rom)
                0x0040ba30                . = ALIGN (0x4)
                0x0040ba30                __acfls_code_rom_start = .
 *(.acfls_code_rom)
 .acfls_code_rom
                0x0040ba30       0x48 ./RTD/src/Clock_Ip_Specific.o
                0x0040ba30                Clock_Ip_PRAMCSetRamIWS
 .acfls_code_rom.__stub
                0x0040ba78        0x8 linker stubs
                0x0040ba80                . = ALIGN (0x4)
                0x0040ba80                __acfls_code_rom_end = .
 *(.init)
                0x0040ba80                . = ALIGN (0x4)
 *(.fini)
                0x0040ba80                . = ALIGN (0x4)
 *(.rodata)
 .rodata        0x0040ba80       0x80 ./RTD/src/Dma_Ip.o
 .rodata        0x0040bb00       0x64 ./RTD/src/Dma_Ip_Driver_State.o
 .rodata        0x0040bb64      0x164 ./RTD/src/Dma_Ip_Hw_Access.o
 .rodata        0x0040bcc8       0x80 ./RTD/src/Dma_Ip_Irq.o
 .rodata        0x0040bd48       0x30 ./RTD/src/Lpuart_Uart_Ip.o
 .rodata        0x0040bd78        0x4 ./RTD/src/Siul2_Port_Ip.o
                0x0040bd78                Port_au32Siul2BaseAddr
 .rodata        0x0040bd7c        0x2 ./generate/src/Flexio_Mcl_Ip_BOARD_InitPeripherals_PBcfg.o
                0x0040bd7c                Flexio_Ip_xFlexioInit
 *(.rodata*)
 .rodata.str1.1
                0x0040bd7e       0xac ./src/main.o
 *fill*         0x0040be2a        0x2 
 .rodata._global_impure_ptr
                0x0040be2c        0x4 c:/nxp/s32ds.3.5/s32ds/build_tools/gcc_v10.2/gcc-10.2-arm32-eabi/bin/../lib/gcc/arm-none-eabi/10.2.0/../../../../arm-none-eabi/lib/thumb/v7e-m+fp/hard\libc_nano.a(lib_a-impure.o)
                0x0040be2c                _global_impure_ptr
 .rodata._svfprintf_r.str1.1
                0x0040be30       0x11 c:/nxp/s32ds.3.5/s32ds/build_tools/gcc_v10.2/gcc-10.2-arm32-eabi/bin/../lib/gcc/arm-none-eabi/10.2.0/../../../../arm-none-eabi/lib/thumb/v7e-m+fp/hard\libc_nano.a(lib_a-nano-svfprintf.o)
 .rodata._printf_i.str1.1
                0x0040be41       0x22 c:/nxp/s32ds.3.5/s32ds/build_tools/gcc_v10.2/gcc-10.2-arm32-eabi/bin/../lib/gcc/arm-none-eabi/10.2.0/../../../../arm-none-eabi/lib/thumb/v7e-m+fp/hard\libc_nano.a(lib_a-nano-vfprintf_i.o)
                0x0040be64                . = ALIGN (0x4)
 *fill*         0x0040be63        0x1 
 *(.mcal_const_cfg)
 .mcal_const_cfg
                0x0040be64      0x4d8 ./board/Siul2_Port_Ip_Cfg.o
                0x0040be64                g_pin_mux_InitConfigArr0
 .mcal_const_cfg
                0x0040c33c      0x41c ./generate/src/Clock_Ip_Cfg.o
                0x0040c33c                Clock_Ip_aClockConfig
 .mcal_const_cfg
                0x0040c758       0x80 ./generate/src/Dma_Ip_BOARD_InitPeripherals_PBcfg.o
                0x0040c758                Dma_Ip_xDmaInitPB
                0x0040c76c                Dma_Ip_paxLogicChannelConfigArrayPB
                0x0040c774                LogicChannel1ConfigPB
                0x0040c790                LogicChannel0ConfigPB
                0x0040c7ac                LogicChannel1GlobalConfigPB
                0x0040c7b7                LogicChannel0GlobalConfigPB
                0x0040c7c4                Dma_Ip_paxLogicInstanceConfigArrayPB
                0x0040c7c8                LogicInstance0ConfigPB
 .mcal_const_cfg
                0x0040c7d8       0x74 ./generate/src/Dma_Ip_Cfg.o
                0x0040c7d8                Dma_Ip_xLogicChannelResetConfig
                0x0040c7f4                TransferResetConfig
                0x0040c830                GlobalResetConfig
                0x0040c83c                Dma_Ip_xLogicInstanceResetConfig
 .mcal_const_cfg
                0x0040c84c       0x54 ./generate/src/Flexio_Spi_Ip_Sa_BOARD_InitPeripherals_PBcfg.o
                0x0040c84c                Flexio_Spi_Ip_PhyUnitConfig_SpiPhyUnit_0_Instance_0_BOARD_InitPeripherals
                0x0040c868                Flexio_Spi_Ip_DeviceAttributes_SpiExternalDevice_Master_Instance_0_BOARD_InitPeripherals
 .mcal_const_cfg
                0x0040c8a0      0x77c ./generate/src/IntCtrl_Ip_Cfg.o
                0x0040c8a0                intRouteConfig
                0x0040cd1c                IntCtrlConfig_0
 .mcal_const_cfg
                0x0040d01c       0x2c ./generate/src/Lpspi_Ip_Sa_BOARD_InitPeripherals_PBcfg.o
                0x0040d01c                Lpspi_Ip_PhyUnitConfig_SpiPhyUnit_1_Instance_1_BOARD_InitPeripherals
                0x0040d034                Lpspi_Ip_DeviceAttributes_SpiExternalDevice_Slave_Instance_1_BOARD_InitPeripherals
 .mcal_const_cfg
                0x0040d048       0x28 ./generate/src/Lpuart_Uart_Ip_Sa_BOARD_InitPeripherals_PBcfg.o
                0x0040d048                Lpuart_Uart_Ip_xHwConfigPB_6_BOARD_INITPERIPHERALS
                0x0040d070                . = ALIGN (0x4)
 *(.mcal_const)
 .mcal_const    0x0040d070      0x7fa ./RTD/src/Clock_Ip_Data.o
                0x0040d070                Clock_Ip_axGateInfo
                0x0040d258                Clock_Ip_axFeatureExtensions
                0x0040d328                Clock_Ip_aeHwDfsName
                0x0040d32c                Clock_Ip_aeHwPllName
                0x0040d330                Clock_Ip_aeSourceTypeClockName
                0x0040d37c                Clock_Ip_apxMcMeTriggerPartitions
                0x0040d384                Clock_Ip_apxMcMeGetPartitions
                0x0040d38c                Clock_Ip_apxMcMeSetPartitions
                0x0040d394                Clock_Ip_axCmuInfo
                0x0040d3f4                Clock_Ip_aeCmuNames
                0x0040d404                Clock_Ip_apxCmu
                0x0040d414                Clock_Ip_pxPll
                0x0040d418                Clock_Ip_apxXosc
                0x0040d420                Clock_Ip_apxCgmPcfs
                0x0040d424                Clock_Ip_apxCgm
                0x0040d440                Clock_Ip_au16SelectorEntryRtcHardwareValue
                0x0040d466                Clock_Ip_au16SelectorEntryHardwareValue
                0x0040d48c                Clock_Ip_au8SoftwareMuxResetValue
                0x0040d4e6                Clock_Ip_au8ClockFeatures
                0x0040d810                Clock_Ip_au8CmuCallbackIndex
                0x0040d819                Clock_Ip_au8PcfsCallbackIndex
                0x0040d822                Clock_Ip_au8SelectorCallbackIndex
                0x0040d82b                Clock_Ip_au8PllCallbackIndex
                0x0040d834                Clock_Ip_au8FractionalDividerCallbackIndex
                0x0040d83d                Clock_Ip_au8GateCallbackIndex
                0x0040d846                Clock_Ip_au8IrcoscCallbackIndex
                0x0040d84f                Clock_Ip_au8XoscCallbackIndex
                0x0040d858                Clock_Ip_au8DividerTriggerCallbackIndex
                0x0040d861                Clock_Ip_au8DividerCallbackIndex
 *fill*         0x0040d86a        0x2 
 .mcal_const    0x0040d86c       0x14 ./RTD/src/Clock_Ip_Divider.o
                0x0040d86c                Clock_Ip_axDividerCallbacks
 .mcal_const    0x0040d880       0x10 ./RTD/src/Clock_Ip_DividerTrigger.o
                0x0040d880                Clock_Ip_axDividerTriggerCallbacks
 .mcal_const    0x0040d890       0x3c ./RTD/src/Clock_Ip_ExtOsc.o
                0x0040d890                Clock_Ip_axExtOscCallbacks
 .mcal_const    0x0040d8cc        0xc ./RTD/src/Clock_Ip_FracDiv.o
                0x0040d8cc                Clock_Ip_axFracDivCallbacks
 .mcal_const    0x0040d8d8       0x10 ./RTD/src/Clock_Ip_Gate.o
                0x0040d8d8                Clock_Ip_axGateCallbacks
 .mcal_const    0x0040d8e8       0x24 ./RTD/src/Clock_Ip_IntOsc.o
                0x0040d8e8                Clock_Ip_axIntOscCallbacks
 .mcal_const    0x0040d90c       0x30 ./RTD/src/Clock_Ip_Monitor.o
                0x0040d90c                Clock_Ip_axCmuCallbacks
 .mcal_const    0x0040d93c       0x28 ./RTD/src/Clock_Ip_Pll.o
                0x0040d93c                Clock_Ip_axPllCallbacks
 .mcal_const    0x0040d964        0x8 ./RTD/src/Clock_Ip_ProgFreqSwitch.o
                0x0040d964                Clock_Ip_axPcfsCallbacks
 .mcal_const    0x0040d96c       0x28 ./RTD/src/Clock_Ip_Selector.o
                0x0040d96c                Clock_Ip_axSelectorCallbacks
 .mcal_const    0x0040d994        0x4 ./RTD/src/Flexio_Mcl_Ip.o
                0x0040d994                Flexio_Ip_paxBase
 .mcal_const    0x0040d998       0x10 ./RTD/src/Lpspi_Ip.o
 .mcal_const    0x0040d9a8       0x20 ./RTD/src/Lpuart_Uart_Ip.o
                0x0040d9c8                . = ALIGN (0x4)
                0x0040d9c8                __init_table = .
 *(.init_table)
 .init_table    0x0040d9c8       0x34 ./Project_Settings/Startup_Code/startup_cm7.o
                0x0040d9fc                . = ALIGN (0x4)
                0x0040d9fc                __zero_table = .
 *(.zero_table)
 .zero_table    0x0040d9fc       0x1c ./Project_Settings/Startup_Code/startup_cm7.o

.glue_7         0x0040da18        0x0
 .glue_7        0x0040da18        0x0 linker stubs

.glue_7t        0x0040da18        0x0
 .glue_7t       0x0040da18        0x0 linker stubs

.vfp11_veneer   0x0040da18        0x0
 .vfp11_veneer  0x0040da18        0x0 linker stubs

.v4_bx          0x0040da18        0x0
 .v4_bx         0x0040da18        0x0 linker stubs

.iplt           0x0040da18        0x0
 .iplt          0x0040da18        0x0 ./Project_Settings/Startup_Code/Vector_Table.o

.igot.plt       0x0040da18        0x0
 .igot.plt      0x0040da18        0x0 ./Project_Settings/Startup_Code/Vector_Table.o

.rel.dyn        0x0040da18        0x0
 .rel.iplt      0x0040da18        0x0 ./Project_Settings/Startup_Code/Vector_Table.o
                0x0040da18                . = ALIGN (0x4)
                0x0040da18                __text_end = .
                0x0040da18                __sram_data_rom = __text_end

.sram_data      0x20400000      0x110 load address 0x0040da18
                0x20400000                . = ALIGN (0x4)
                0x20400000                __sram_data_begin__ = .
                0x20400000                . = ALIGN (0x4)
 *(.ramcode)
 .ramcode       0x20400000       0x8c ./RTD/src/Clock_Ip_Specific.o
                0x2040008c                . = ALIGN (0x4)
 *(.data)
 .data          0x2040008c        0x0 ./Project_Settings/Startup_Code/Vector_Table.o
 .data          0x2040008c        0x0 ./Project_Settings/Startup_Code/exceptions.o
 .data          0x2040008c        0x0 ./Project_Settings/Startup_Code/nvic.o
 .data          0x2040008c        0x0 ./Project_Settings/Startup_Code/startup.o
 .data          0x2040008c        0x0 ./Project_Settings/Startup_Code/startup_cm7.o
 .data          0x2040008c        0x0 ./Project_Settings/Startup_Code/system.o
 .data          0x2040008c        0x4 ./RTD/src/Clock_Ip.o
 .data          0x20400090        0x0 ./RTD/src/Clock_Ip_Data.o
 .data          0x20400090        0x0 ./RTD/src/Clock_Ip_Divider.o
 .data          0x20400090        0x0 ./RTD/src/Clock_Ip_DividerTrigger.o
 .data          0x20400090        0x0 ./RTD/src/Clock_Ip_ExtOsc.o
 .data          0x20400090        0x0 ./RTD/src/Clock_Ip_FracDiv.o
 .data          0x20400090        0x0 ./RTD/src/Clock_Ip_Frequency.o
 .data          0x20400090        0x0 ./RTD/src/Clock_Ip_Gate.o
 .data          0x20400090        0x0 ./RTD/src/Clock_Ip_IntOsc.o
 .data          0x20400090        0x0 ./RTD/src/Clock_Ip_Irq.o
 .data          0x20400090        0x0 ./RTD/src/Clock_Ip_Monitor.o
 .data          0x20400090        0x0 ./RTD/src/Clock_Ip_Pll.o
 .data          0x20400090        0x0 ./RTD/src/Clock_Ip_ProgFreqSwitch.o
 .data          0x20400090        0x0 ./RTD/src/Clock_Ip_Selector.o
 .data          0x20400090        0x0 ./RTD/src/Clock_Ip_Specific.o
 .data          0x20400090        0x0 ./RTD/src/Det.o
 .data          0x20400090        0x0 ./RTD/src/Det_stub.o
 .data          0x20400090        0x0 ./RTD/src/Dma_Ip.o
 .data          0x20400090        0x0 ./RTD/src/Dma_Ip_Driver_State.o
 .data          0x20400090        0x0 ./RTD/src/Dma_Ip_Hw_Access.o
 .data          0x20400090        0x0 ./RTD/src/Dma_Ip_Irq.o
 .data          0x20400090        0x0 ./RTD/src/Dma_Ip_Multicore.o
 .data          0x20400090        0x0 ./RTD/src/Flexio_Mcl_Ip.o
 .data          0x20400090        0x0 ./RTD/src/Flexio_Mcl_Ip_HwAccess.o
 .data          0x20400090        0x0 ./RTD/src/Flexio_Mcl_Ip_Irq.o
 .data          0x20400090        0x0 ./RTD/src/Flexio_Spi_Ip.o
 .data          0x20400090        0x0 ./RTD/src/Flexio_Spi_Ip_Irq.o
 .data          0x20400090        0x0 ./RTD/src/IntCtrl_Ip.o
 .data          0x20400090        0x0 ./RTD/src/Lpspi_Ip.o
 .data          0x20400090        0x0 ./RTD/src/Lpspi_Ip_Irq.o
 .data          0x20400090        0x0 ./RTD/src/Lpuart_Uart_Ip.o
 .data          0x20400090        0x0 ./RTD/src/Lpuart_Uart_Ip_Irq.o
 .data          0x20400090        0x0 ./RTD/src/OsIf_Interrupts.o
 .data          0x20400090        0x0 ./RTD/src/OsIf_Timer.o
 .data          0x20400090        0x0 ./RTD/src/OsIf_Timer_System.o
 .data          0x20400090        0x0 ./RTD/src/OsIf_Timer_System_Internal_Systick.o
 .data          0x20400090        0x0 ./RTD/src/SchM_Mcl.o
 .data          0x20400090        0x0 ./RTD/src/SchM_Mcu.o
 .data          0x20400090        0x0 ./RTD/src/SchM_Port.o
 .data          0x20400090        0x0 ./RTD/src/SchM_Spi.o
 .data          0x20400090        0x0 ./RTD/src/SchM_Uart.o
 .data          0x20400090        0x0 ./RTD/src/Siul2_Port_Ip.o
 .data          0x20400090        0x0 ./RTD/src/Tspc_Port_Ip.o
 .data          0x20400090        0x0 ./board/Siul2_Port_Ip_Cfg.o
 .data          0x20400090        0x0 ./board/Tspc_Port_Ip_Cfg.o
 .data          0x20400090        0x0 ./generate/src/Clock_Ip_Cfg.o
 .data          0x20400090        0x0 ./generate/src/Dma_Ip_BOARD_InitPeripherals_PBcfg.o
 .data          0x20400090        0x0 ./generate/src/Dma_Ip_Cfg.o
 .data          0x20400090        0x0 ./generate/src/Flexio_Mcl_Ip_BOARD_InitPeripherals_PBcfg.o
 .data          0x20400090        0x0 ./generate/src/Flexio_Spi_Ip_Sa_BOARD_InitPeripherals_PBcfg.o
 .data          0x20400090        0x0 ./generate/src/IntCtrl_Ip_Cfg.o
 .data          0x20400090        0x0 ./generate/src/Lpspi_Ip_Sa_BOARD_InitPeripherals_PBcfg.o
 .data          0x20400090        0x0 ./generate/src/Lpuart_Uart_Ip_Sa_BOARD_InitPeripherals_PBcfg.o
 .data          0x20400090        0x0 ./generate/src/OsIf_Cfg.o
 .data          0x20400090       0x14 ./src/main.o
                0x20400090                RxMasterBuffer
                0x2040009a                set_Read_param
 .data          0x204000a4        0x0 c:/nxp/s32ds.3.5/s32ds/build_tools/gcc_v10.2/gcc-10.2-arm32-eabi/bin/../lib/gcc/arm-none-eabi/10.2.0/../../../../arm-none-eabi/lib/thumb/v7e-m+fp/hard\libc_nano.a(lib_a-memmove.o)
 .data          0x204000a4        0x0 c:/nxp/s32ds.3.5/s32ds/build_tools/gcc_v10.2/gcc-10.2-arm32-eabi/bin/../lib/gcc/arm-none-eabi/10.2.0/../../../../arm-none-eabi/lib/thumb/v7e-m+fp/hard\libc_nano.a(lib_a-memset.o)
 .data          0x204000a4        0x0 c:/nxp/s32ds.3.5/s32ds/build_tools/gcc_v10.2/gcc-10.2-arm32-eabi/bin/../lib/gcc/arm-none-eabi/10.2.0/../../../../arm-none-eabi/lib/thumb/v7e-m+fp/hard\libc_nano.a(lib_a-strlen.o)
 .data          0x204000a4        0x0 c:/nxp/s32ds.3.5/s32ds/build_tools/gcc_v10.2/gcc-10.2-arm32-eabi/bin/../lib/gcc/arm-none-eabi/10.2.0/../../../../arm-none-eabi/lib/thumb/v7e-m+fp/hard\libc_nano.a(lib_a-vsprintf.o)
 .data          0x204000a4        0x0 c:/nxp/s32ds.3.5/s32ds/build_tools/gcc_v10.2/gcc-10.2-arm32-eabi/bin/../lib/gcc/arm-none-eabi/10.2.0/../../../../arm-none-eabi/lib/thumb/v7e-m+fp/hard\libc_nano.a(lib_a-impure.o)
 .data          0x204000a4        0x0 c:/nxp/s32ds.3.5/s32ds/build_tools/gcc_v10.2/gcc-10.2-arm32-eabi/bin/../lib/gcc/arm-none-eabi/10.2.0/../../../../arm-none-eabi/lib/thumb/v7e-m+fp/hard\libc_nano.a(lib_a-nano-svfprintf.o)
 .data          0x204000a4        0x0 c:/nxp/s32ds.3.5/s32ds/build_tools/gcc_v10.2/gcc-10.2-arm32-eabi/bin/../lib/gcc/arm-none-eabi/10.2.0/../../../../arm-none-eabi/lib/thumb/v7e-m+fp/hard\libc_nano.a(lib_a-nano-vfprintf_i.o)
 .data          0x204000a4        0x0 c:/nxp/s32ds.3.5/s32ds/build_tools/gcc_v10.2/gcc-10.2-arm32-eabi/bin/../lib/gcc/arm-none-eabi/10.2.0/../../../../arm-none-eabi/lib/thumb/v7e-m+fp/hard\libc_nano.a(lib_a-memchr.o)
 .data          0x204000a4        0x0 c:/nxp/s32ds.3.5/s32ds/build_tools/gcc_v10.2/gcc-10.2-arm32-eabi/bin/../lib/gcc/arm-none-eabi/10.2.0/../../../../arm-none-eabi/lib/thumb/v7e-m+fp/hard\libc_nano.a(lib_a-memcpy-stub.o)
 .data          0x204000a4        0x0 c:/nxp/s32ds.3.5/s32ds/build_tools/gcc_v10.2/gcc-10.2-arm32-eabi/bin/../lib/gcc/arm-none-eabi/10.2.0/../../../../arm-none-eabi/lib/thumb/v7e-m+fp/hard\libc_nano.a(lib_a-nano-freer.o)
 .data          0x204000a4        0x0 c:/nxp/s32ds.3.5/s32ds/build_tools/gcc_v10.2/gcc-10.2-arm32-eabi/bin/../lib/gcc/arm-none-eabi/10.2.0/../../../../arm-none-eabi/lib/thumb/v7e-m+fp/hard\libc_nano.a(lib_a-nano-mallocr.o)
 .data          0x204000a4        0x0 c:/nxp/s32ds.3.5/s32ds/build_tools/gcc_v10.2/gcc-10.2-arm32-eabi/bin/../lib/gcc/arm-none-eabi/10.2.0/../../../../arm-none-eabi/lib/thumb/v7e-m+fp/hard\libc_nano.a(lib_a-nano-reallocr.o)
 .data          0x204000a4        0x0 c:/nxp/s32ds.3.5/s32ds/build_tools/gcc_v10.2/gcc-10.2-arm32-eabi/bin/../lib/gcc/arm-none-eabi/10.2.0/../../../../arm-none-eabi/lib/thumb/v7e-m+fp/hard\libc_nano.a(lib_a-sbrkr.o)
 .data          0x204000a4        0x0 c:/nxp/s32ds.3.5/s32ds/build_tools/gcc_v10.2/gcc-10.2-arm32-eabi/bin/../lib/gcc/arm-none-eabi/10.2.0/../../../../arm-none-eabi/lib/thumb/v7e-m+fp/hard\libc_nano.a(lib_a-mlock.o)
 .data          0x204000a4        0x0 c:/nxp/s32ds.3.5/s32ds/build_tools/gcc_v10.2/gcc-10.2-arm32-eabi/bin/../lib/gcc/arm-none-eabi/10.2.0/../../../../arm-none-eabi/lib/thumb/v7e-m+fp/hard\libc_nano.a(lib_a-nano-msizer.o)
 .data          0x204000a4        0x0 c:/nxp/s32ds.3.5/s32ds/build_tools/gcc_v10.2/gcc-10.2-arm32-eabi/bin/../lib/gcc/arm-none-eabi/10.2.0/../../../../arm-none-eabi/lib/thumb/v7e-m+fp/hard\libc_nano.a(lib_a-reent.o)
 .data          0x204000a4        0x0 c:/nxp/s32ds.3.5/s32ds/build_tools/gcc_v10.2/gcc-10.2-arm32-eabi/bin/../lib/gcc/arm-none-eabi/10.2.0/../../../../arm-none-eabi/lib/thumb/v7e-m+fp/hard\libnosys.a(sbrk.o)
 *(.data*)
 .data._impure_ptr
                0x204000a4        0x4 c:/nxp/s32ds.3.5/s32ds/build_tools/gcc_v10.2/gcc-10.2-arm32-eabi/bin/../lib/gcc/arm-none-eabi/10.2.0/../../../../arm-none-eabi/lib/thumb/v7e-m+fp/hard\libc_nano.a(lib_a-impure.o)
                0x204000a4                _impure_ptr
 .data.impure_data
                0x204000a8       0x60 c:/nxp/s32ds.3.5/s32ds/build_tools/gcc_v10.2/gcc-10.2-arm32-eabi/bin/../lib/gcc/arm-none-eabi/10.2.0/../../../../arm-none-eabi/lib/thumb/v7e-m+fp/hard\libc_nano.a(lib_a-impure.o)
                0x20400108                . = ALIGN (0x4)
 *(.mcal_data)
 .mcal_data     0x20400108        0x8 ./generate/src/Flexio_Spi_Ip_Sa_BOARD_InitPeripherals_PBcfg.o
                0x20400110                . = ALIGN (0x4)
                0x20400110                __sram_data_end__ = .
                0x0040db28                __sram_data_rom_end = (__sram_data_rom + (__sram_data_end__ - __sram_data_begin__))

.sram_bss       0x20400110      0x1b0 load address 0x0040db28
                0x20400110                . = ALIGN (0x10)
                0x20400110                __sram_bss_start = .
 *(.bss)
 .bss           0x20400110        0x0 ./Project_Settings/Startup_Code/Vector_Table.o
 .bss           0x20400110        0x0 ./Project_Settings/Startup_Code/exceptions.o
 .bss           0x20400110        0x0 ./Project_Settings/Startup_Code/nvic.o
 .bss           0x20400110        0x0 ./Project_Settings/Startup_Code/startup.o
 .bss           0x20400110        0x0 ./Project_Settings/Startup_Code/startup_cm7.o
 .bss           0x20400110       0x78 ./Project_Settings/Startup_Code/system.o
                0x20400110                rbar
                0x2040014c                rasr
 .bss           0x20400188        0x1 ./RTD/src/Clock_Ip.o
 .bss           0x20400189        0x0 ./RTD/src/Clock_Ip_Data.o
 .bss           0x20400189        0x0 ./RTD/src/Clock_Ip_Divider.o
 .bss           0x20400189        0x0 ./RTD/src/Clock_Ip_DividerTrigger.o
 .bss           0x20400189        0x0 ./RTD/src/Clock_Ip_ExtOsc.o
 .bss           0x20400189        0x0 ./RTD/src/Clock_Ip_FracDiv.o
 .bss           0x20400189        0x0 ./RTD/src/Clock_Ip_Frequency.o
 .bss           0x20400189        0x0 ./RTD/src/Clock_Ip_Gate.o
 .bss           0x20400189        0x0 ./RTD/src/Clock_Ip_IntOsc.o
 .bss           0x20400189        0x0 ./RTD/src/Clock_Ip_Irq.o
 *fill*         0x20400189        0x3 
 .bss           0x2040018c       0x10 ./RTD/src/Clock_Ip_Monitor.o
 .bss           0x2040019c        0x0 ./RTD/src/Clock_Ip_Pll.o
 .bss           0x2040019c        0x4 ./RTD/src/Clock_Ip_ProgFreqSwitch.o
 .bss           0x204001a0        0x0 ./RTD/src/Clock_Ip_Selector.o
 .bss           0x204001a0        0x1 ./RTD/src/Clock_Ip_Specific.o
 .bss           0x204001a1        0x0 ./RTD/src/Det.o
 .bss           0x204001a1        0x0 ./RTD/src/Det_stub.o
 .bss           0x204001a1        0x0 ./RTD/src/Dma_Ip.o
 .bss           0x204001a1        0x0 ./RTD/src/Dma_Ip_Driver_State.o
 .bss           0x204001a1        0x0 ./RTD/src/Dma_Ip_Hw_Access.o
 .bss           0x204001a1        0x0 ./RTD/src/Dma_Ip_Irq.o
 .bss           0x204001a1        0x0 ./RTD/src/Dma_Ip_Multicore.o
 .bss           0x204001a1        0x0 ./RTD/src/Flexio_Mcl_Ip.o
 .bss           0x204001a1        0x0 ./RTD/src/Flexio_Mcl_Ip_HwAccess.o
 .bss           0x204001a1        0x0 ./RTD/src/Flexio_Mcl_Ip_Irq.o
 .bss           0x204001a1        0x0 ./RTD/src/Flexio_Spi_Ip.o
 .bss           0x204001a1        0x0 ./RTD/src/Flexio_Spi_Ip_Irq.o
 .bss           0x204001a1        0x0 ./RTD/src/IntCtrl_Ip.o
 .bss           0x204001a1        0x0 ./RTD/src/Lpspi_Ip.o
 .bss           0x204001a1        0x0 ./RTD/src/Lpspi_Ip_Irq.o
 .bss           0x204001a1        0x0 ./RTD/src/Lpuart_Uart_Ip.o
 .bss           0x204001a1        0x0 ./RTD/src/Lpuart_Uart_Ip_Irq.o
 .bss           0x204001a1        0x0 ./RTD/src/OsIf_Interrupts.o
 .bss           0x204001a1        0x0 ./RTD/src/OsIf_Timer.o
 .bss           0x204001a1        0x0 ./RTD/src/OsIf_Timer_System.o
 .bss           0x204001a1        0x0 ./RTD/src/OsIf_Timer_System_Internal_Systick.o
 .bss           0x204001a1        0x0 ./RTD/src/SchM_Mcl.o
 .bss           0x204001a1        0x0 ./RTD/src/SchM_Mcu.o
 .bss           0x204001a1        0x0 ./RTD/src/SchM_Port.o
 .bss           0x204001a1        0x0 ./RTD/src/SchM_Spi.o
 .bss           0x204001a1        0x0 ./RTD/src/SchM_Uart.o
 .bss           0x204001a1        0x0 ./RTD/src/Siul2_Port_Ip.o
 .bss           0x204001a1        0x0 ./RTD/src/Tspc_Port_Ip.o
 .bss           0x204001a1        0x0 ./board/Siul2_Port_Ip_Cfg.o
 .bss           0x204001a1        0x0 ./board/Tspc_Port_Ip_Cfg.o
 .bss           0x204001a1        0x0 ./generate/src/Clock_Ip_Cfg.o
 .bss           0x204001a1        0x0 ./generate/src/Dma_Ip_BOARD_InitPeripherals_PBcfg.o
 .bss           0x204001a1        0x0 ./generate/src/Dma_Ip_Cfg.o
 .bss           0x204001a1        0x0 ./generate/src/Flexio_Mcl_Ip_BOARD_InitPeripherals_PBcfg.o
 .bss           0x204001a1        0x0 ./generate/src/Flexio_Spi_Ip_Sa_BOARD_InitPeripherals_PBcfg.o
 .bss           0x204001a1        0x0 ./generate/src/IntCtrl_Ip_Cfg.o
 .bss           0x204001a1        0x0 ./generate/src/Lpspi_Ip_Sa_BOARD_InitPeripherals_PBcfg.o
 .bss           0x204001a1        0x0 ./generate/src/Lpuart_Uart_Ip_Sa_BOARD_InitPeripherals_PBcfg.o
 .bss           0x204001a1        0x0 ./generate/src/OsIf_Cfg.o
 .bss           0x204001a1        0x0 ./src/main.o
 .bss           0x204001a1        0x0 c:/nxp/s32ds.3.5/s32ds/build_tools/gcc_v10.2/gcc-10.2-arm32-eabi/bin/../lib/gcc/arm-none-eabi/10.2.0/../../../../arm-none-eabi/lib/thumb/v7e-m+fp/hard\libc_nano.a(lib_a-memmove.o)
 .bss           0x204001a1        0x0 c:/nxp/s32ds.3.5/s32ds/build_tools/gcc_v10.2/gcc-10.2-arm32-eabi/bin/../lib/gcc/arm-none-eabi/10.2.0/../../../../arm-none-eabi/lib/thumb/v7e-m+fp/hard\libc_nano.a(lib_a-memset.o)
 .bss           0x204001a1        0x0 c:/nxp/s32ds.3.5/s32ds/build_tools/gcc_v10.2/gcc-10.2-arm32-eabi/bin/../lib/gcc/arm-none-eabi/10.2.0/../../../../arm-none-eabi/lib/thumb/v7e-m+fp/hard\libc_nano.a(lib_a-strlen.o)
 .bss           0x204001a1        0x0 c:/nxp/s32ds.3.5/s32ds/build_tools/gcc_v10.2/gcc-10.2-arm32-eabi/bin/../lib/gcc/arm-none-eabi/10.2.0/../../../../arm-none-eabi/lib/thumb/v7e-m+fp/hard\libc_nano.a(lib_a-vsprintf.o)
 .bss           0x204001a1        0x0 c:/nxp/s32ds.3.5/s32ds/build_tools/gcc_v10.2/gcc-10.2-arm32-eabi/bin/../lib/gcc/arm-none-eabi/10.2.0/../../../../arm-none-eabi/lib/thumb/v7e-m+fp/hard\libc_nano.a(lib_a-impure.o)
 .bss           0x204001a1        0x0 c:/nxp/s32ds.3.5/s32ds/build_tools/gcc_v10.2/gcc-10.2-arm32-eabi/bin/../lib/gcc/arm-none-eabi/10.2.0/../../../../arm-none-eabi/lib/thumb/v7e-m+fp/hard\libc_nano.a(lib_a-nano-svfprintf.o)
 .bss           0x204001a1        0x0 c:/nxp/s32ds.3.5/s32ds/build_tools/gcc_v10.2/gcc-10.2-arm32-eabi/bin/../lib/gcc/arm-none-eabi/10.2.0/../../../../arm-none-eabi/lib/thumb/v7e-m+fp/hard\libc_nano.a(lib_a-nano-vfprintf_i.o)
 .bss           0x204001a1        0x0 c:/nxp/s32ds.3.5/s32ds/build_tools/gcc_v10.2/gcc-10.2-arm32-eabi/bin/../lib/gcc/arm-none-eabi/10.2.0/../../../../arm-none-eabi/lib/thumb/v7e-m+fp/hard\libc_nano.a(lib_a-memchr.o)
 .bss           0x204001a1        0x0 c:/nxp/s32ds.3.5/s32ds/build_tools/gcc_v10.2/gcc-10.2-arm32-eabi/bin/../lib/gcc/arm-none-eabi/10.2.0/../../../../arm-none-eabi/lib/thumb/v7e-m+fp/hard\libc_nano.a(lib_a-memcpy-stub.o)
 .bss           0x204001a1        0x0 c:/nxp/s32ds.3.5/s32ds/build_tools/gcc_v10.2/gcc-10.2-arm32-eabi/bin/../lib/gcc/arm-none-eabi/10.2.0/../../../../arm-none-eabi/lib/thumb/v7e-m+fp/hard\libc_nano.a(lib_a-nano-freer.o)
 .bss           0x204001a1        0x0 c:/nxp/s32ds.3.5/s32ds/build_tools/gcc_v10.2/gcc-10.2-arm32-eabi/bin/../lib/gcc/arm-none-eabi/10.2.0/../../../../arm-none-eabi/lib/thumb/v7e-m+fp/hard\libc_nano.a(lib_a-nano-mallocr.o)
 .bss           0x204001a1        0x0 c:/nxp/s32ds.3.5/s32ds/build_tools/gcc_v10.2/gcc-10.2-arm32-eabi/bin/../lib/gcc/arm-none-eabi/10.2.0/../../../../arm-none-eabi/lib/thumb/v7e-m+fp/hard\libc_nano.a(lib_a-nano-reallocr.o)
 .bss           0x204001a1        0x0 c:/nxp/s32ds.3.5/s32ds/build_tools/gcc_v10.2/gcc-10.2-arm32-eabi/bin/../lib/gcc/arm-none-eabi/10.2.0/../../../../arm-none-eabi/lib/thumb/v7e-m+fp/hard\libc_nano.a(lib_a-sbrkr.o)
 .bss           0x204001a1        0x0 c:/nxp/s32ds.3.5/s32ds/build_tools/gcc_v10.2/gcc-10.2-arm32-eabi/bin/../lib/gcc/arm-none-eabi/10.2.0/../../../../arm-none-eabi/lib/thumb/v7e-m+fp/hard\libc_nano.a(lib_a-mlock.o)
 .bss           0x204001a1        0x0 c:/nxp/s32ds.3.5/s32ds/build_tools/gcc_v10.2/gcc-10.2-arm32-eabi/bin/../lib/gcc/arm-none-eabi/10.2.0/../../../../arm-none-eabi/lib/thumb/v7e-m+fp/hard\libc_nano.a(lib_a-nano-msizer.o)
 .bss           0x204001a1        0x0 c:/nxp/s32ds.3.5/s32ds/build_tools/gcc_v10.2/gcc-10.2-arm32-eabi/bin/../lib/gcc/arm-none-eabi/10.2.0/../../../../arm-none-eabi/lib/thumb/v7e-m+fp/hard\libc_nano.a(lib_a-reent.o)
 .bss           0x204001a1        0x0 c:/nxp/s32ds.3.5/s32ds/build_tools/gcc_v10.2/gcc-10.2-arm32-eabi/bin/../lib/gcc/arm-none-eabi/10.2.0/../../../../arm-none-eabi/lib/thumb/v7e-m+fp/hard\libnosys.a(sbrk.o)
 *(.bss*)
 *fill*         0x204001a1        0x3 
 .bss.__malloc_free_list
                0x204001a4        0x4 c:/nxp/s32ds.3.5/s32ds/build_tools/gcc_v10.2/gcc-10.2-arm32-eabi/bin/../lib/gcc/arm-none-eabi/10.2.0/../../../../arm-none-eabi/lib/thumb/v7e-m+fp/hard\libc_nano.a(lib_a-nano-mallocr.o)
                0x204001a4                __malloc_free_list
 .bss.__malloc_sbrk_start
                0x204001a8        0x4 c:/nxp/s32ds.3.5/s32ds/build_tools/gcc_v10.2/gcc-10.2-arm32-eabi/bin/../lib/gcc/arm-none-eabi/10.2.0/../../../../arm-none-eabi/lib/thumb/v7e-m+fp/hard\libc_nano.a(lib_a-nano-mallocr.o)
                0x204001a8                __malloc_sbrk_start
 .bss.errno     0x204001ac        0x4 c:/nxp/s32ds.3.5/s32ds/build_tools/gcc_v10.2/gcc-10.2-arm32-eabi/bin/../lib/gcc/arm-none-eabi/10.2.0/../../../../arm-none-eabi/lib/thumb/v7e-m+fp/hard\libc_nano.a(lib_a-reent.o)
                0x204001ac                errno
 .bss.heap_end.0
                0x204001b0        0x4 c:/nxp/s32ds.3.5/s32ds/build_tools/gcc_v10.2/gcc-10.2-arm32-eabi/bin/../lib/gcc/arm-none-eabi/10.2.0/../../../../arm-none-eabi/lib/thumb/v7e-m+fp/hard\libnosys.a(sbrk.o)
                0x204001c0                . = ALIGN (0x10)
 *fill*         0x204001b4        0xc 
 *(.mcal_bss)
 .mcal_bss      0x204001c0        0x4 ./Project_Settings/Startup_Code/system.o
                0x204001c0                RESET_CATCH_CORE
 .mcal_bss      0x204001c4       0x64 ./RTD/src/Clock_Ip.o
                0x204001c8                Clock_Ip_FreqIds
                0x20400224                Clock_Ip_pxConfig
 .mcal_bss      0x20400228        0x8 ./RTD/src/Clock_Ip_Specific.o
 .mcal_bss      0x20400230       0x38 ./RTD/src/Flexio_Spi_Ip.o
                0x20400230                Flexio_Spi_Ip_apxStateStructureArray
 .mcal_bss      0x20400268       0x10 ./RTD/src/Lpspi_Ip.o
                0x20400268                Lpspi_Ip_apxStateStructureArray
 .mcal_bss      0x20400278       0x40 ./RTD/src/Lpuart_Uart_Ip.o
                0x20400298                Lpuart_Uart_Ip_apUserConfig
 .mcal_bss      0x204002b8        0x8 ./RTD/src/Siul2_Port_Ip.o
                0x204002c0                . = ALIGN (0x4)
                0x204002c0                __sram_bss_end = .

.heap           0x204002c0     0x2000 load address 0x0040dcd8
                0x00000000                . = (. + ALIGN (0x4))
                0x204002c0                _end = .
                0x204002c0                end = .
                0x204002c0                _heap_start = .
                0x00002000                . = (. + HEAP_SIZE)
 *fill*         0x204002c0     0x2000 
                0x204022c0                _heap_end = .

.acfls_code_ram
                0x20406f00        0x0
                0x20406f00                acfls_code_ram_start = .
 *(.acfls_code_ram)
                0x20406f00                acfls_code_ram_stop = .
                0x0040db28                __non_cacheable_data_rom = __sram_data_rom_end

.non_cacheable_data
                0x20408000      0x440 load address 0x0040db28
                0x20408000                . = ALIGN (0x4)
                0x20408000                __non_cacheable_data_start__ = .
                0x20408000                . = ALIGN (0x1000)
                0x20408000                __interrupts_ram_start = .
                0x20408408                . = (. + (__interrupts_rom_end - __interrupts_rom_start))
 *fill*         0x20408000      0x408 
                0x20408408                . = ALIGN (0x4)
                0x20408408                __interrupts_ram_end = .
 *(.mcal_data_no_cacheable)
 .mcal_data_no_cacheable
                0x20408408        0x8 ./generate/src/Dma_Ip_BOARD_InitPeripherals_PBcfg.o
                0x20408408                Dma_Ip_paxHwChannelStateArrayPB
 .mcal_data_no_cacheable
                0x20408410        0xc ./generate/src/Lpspi_Ip_Sa_BOARD_InitPeripherals_PBcfg.o
 .mcal_data_no_cacheable
                0x2040841c       0x1e ./src/main.o
                0x2040841c                RxSlaveBuffer
                0x20408430                TxSlaveBuffer
                0x2040843c                . = ALIGN (0x4)
 *fill*         0x2040843a        0x2 
 *(.mcal_const_no_cacheable)
                0x2040843c                . = ALIGN (0x4)
                0x2040843c                HSE_LOOP_ADDR = .
                0x2040843c        0x4 LONG 0x0
                0x20408440                __non_cacheable_data_end__ = .

int_results     0x2040ff00      0x100
                0x2040ff00                . = ALIGN (0x4)
 *(.int_results)
                0x20410000                . = (. + 0x100)
 *fill*         0x2040ff00      0x100 
                0x0040df68                __non_cacheable_data_rom_end = (__non_cacheable_data_rom + (__non_cacheable_data_end__ - __non_cacheable_data_start__))

.non_cacheable_bss
                0x20408440      0x920 load address 0x0040df68
                0x20408440                . = ALIGN (0x10)
                0x20408440                __non_cacheable_bss_start = .
 *(.mcal_bss_no_cacheable)
 .mcal_bss_no_cacheable
                0x20408440       0x96 ./RTD/src/Det.o
                0x20408440                Det_TransientModuleId
                0x20408454                Det_ApiId
                0x2040845e                Det_TransientInstanceId
                0x20408468                Det_ErrorId
                0x20408472                Det_TransientApiId
                0x2040847c                Det_RuntimeModuleId
                0x20408490                Det_TransientFaultId
                0x2040849a                Det_RuntimeInstanceId
                0x204084a4                Det_RuntimeApiId
                0x204084ae                Det_ModuleId
                0x204084c2                Det_RuntimeErrorId
                0x204084cc                Det_InstanceId
 *fill*         0x204084d6        0x2 
 .mcal_bss_no_cacheable
                0x204084d8        0x4 ./RTD/src/Dma_Ip.o
 .mcal_bss_no_cacheable
                0x204084dc       0x80 ./RTD/src/Dma_Ip_Driver_State.o
 .mcal_bss_no_cacheable