../RTD/src/Dma_Ip.c:1734:13:Static_Dma_Ip_GetLogicChannelError	16	static
../RTD/src/Dma_Ip.c:1256:13:Static_Dma_Ip_SetLogicChannelTransferList	24	static
../RTD/src/Dma_Ip.c:387:26:Static_Dma_Ip_SetLogicChannelTransferConfig	216	static
../RTD/src/Dma_Ip.c:308:26:Static_Dma_Ip_SetLogicChannelGlobalConfig.constprop	120	static
../RTD/src/Dma_Ip.c:294:8:Dma_Ip_ConvertLogicChToHwCh	0	static
../RTD/src/Dma_Ip.c:647:19:Dma_Ip_SetLogicInstanceCommand	16	static
../RTD/src/Dma_Ip.c:684:19:Dma_Ip_GetLogicInstanceStatus	8	static
../RTD/src/Dma_Ip.c:724:19:Dma_Ip_LogicChannelInit	64	static
../RTD/src/Dma_Ip.c:495:19:Dma_Ip_Init	32	static
../RTD/src/Dma_Ip.c:835:19:Dma_Ip_LogicChannelDeinit	24	static
../RTD/src/Dma_Ip.c:592:19:Dma_Ip_Deinit	8	static
../RTD/src/Dma_Ip.c:908:19:Dma_Ip_SetLogicChannelCommand	32	static
../RTD/src/Dma_Ip.c:999:19:Dma_Ip_GetLogicChannelStatus	24	static
../RTD/src/Dma_Ip.c:1068:19:Dma_Ip_SetLogicChannelGlobalList	40	static
../RTD/src/Dma_Ip.c:1175:19:Dma_Ip_SetLogicChannelTransferList	48	static
../RTD/src/Dma_Ip.c:1305:19:Dma_Ip_SetLogicChannelScatterGatherList	56	static
../RTD/src/Dma_Ip.c:1422:19:Dma_Ip_GetLogicChannelParam	24	static
../RTD/src/Dma_Ip.c:1481:19:Dma_Ip_SetLogicChannelScatterGatherConfig	40	static
../RTD/src/Dma_Ip.c:1690:6:Dma_Ip_IntIrqHandler	8	static
../RTD/src/Dma_Ip.c:1705:6:Dma_Ip_ErrorIrqHandler	24	static
