../RTD/src/Dma_Ip_Irq.c:360:17:IrqHandler.constprop	24	static
../RTD/src/Dma_Ip_Irq.c:386:5:Dma0_Ch0_IRQHandler	0	static
../RTD/src/Dma_Ip_Irq.c:391:5:Dma0_Ch1_IRQHandler	0	static
../RTD/src/Dma_Ip_Irq.c:396:5:Dma0_Ch2_IRQHandler	0	static
../RTD/src/Dma_Ip_Irq.c:401:5:Dma0_Ch3_IRQHandler	0	static
../RTD/src/Dma_Ip_Irq.c:406:5:Dma0_Ch4_IRQHandler	0	static
../RTD/src/Dma_Ip_Irq.c:411:5:Dma0_Ch5_IRQHandler	0	static
../RTD/src/Dma_Ip_Irq.c:416:5:Dma0_Ch6_IRQHandler	0	static
../RTD/src/Dma_Ip_Irq.c:421:5:Dma0_Ch7_IRQHandler	0	static
../RTD/src/Dma_Ip_Irq.c:426:5:Dma0_Ch8_IRQHandler	0	static
../RTD/src/Dma_Ip_Irq.c:431:5:Dma0_Ch9_IRQHandler	0	static
../RTD/src/Dma_Ip_Irq.c:436:5:Dma0_Ch10_IRQHandler	0	static
../RTD/src/Dma_Ip_Irq.c:441:5:Dma0_Ch11_IRQHandler	0	static
../RTD/src/Dma_Ip_Irq.c:446:5:Dma0_Ch12_IRQHandler	0	static
../RTD/src/Dma_Ip_Irq.c:451:5:Dma0_Ch13_IRQHandler	0	static
../RTD/src/Dma_Ip_Irq.c:456:5:Dma0_Ch14_IRQHandler	0	static
../RTD/src/Dma_Ip_Irq.c:461:5:Dma0_Ch15_IRQHandler	0	static
../RTD/src/Dma_Ip_Irq.c:466:5:Dma0_Ch16_IRQHandler	0	static
../RTD/src/Dma_Ip_Irq.c:471:5:Dma0_Ch17_IRQHandler	0	static
../RTD/src/Dma_Ip_Irq.c:476:5:Dma0_Ch18_IRQHandler	0	static
../RTD/src/Dma_Ip_Irq.c:481:5:Dma0_Ch19_IRQHandler	0	static
../RTD/src/Dma_Ip_Irq.c:486:5:Dma0_Ch20_IRQHandler	0	static
../RTD/src/Dma_Ip_Irq.c:491:5:Dma0_Ch21_IRQHandler	0	static
../RTD/src/Dma_Ip_Irq.c:496:5:Dma0_Ch22_IRQHandler	0	static
../RTD/src/Dma_Ip_Irq.c:501:5:Dma0_Ch23_IRQHandler	0	static
../RTD/src/Dma_Ip_Irq.c:506:5:Dma0_Ch24_IRQHandler	0	static
../RTD/src/Dma_Ip_Irq.c:511:5:Dma0_Ch25_IRQHandler	0	static
../RTD/src/Dma_Ip_Irq.c:516:5:Dma0_Ch26_IRQHandler	0	static
../RTD/src/Dma_Ip_Irq.c:521:5:Dma0_Ch27_IRQHandler	0	static
../RTD/src/Dma_Ip_Irq.c:526:5:Dma0_Ch28_IRQHandler	0	static
../RTD/src/Dma_Ip_Irq.c:531:5:Dma0_Ch29_IRQHandler	0	static
../RTD/src/Dma_Ip_Irq.c:536:5:Dma0_Ch30_IRQHandler	0	static
../RTD/src/Dma_Ip_Irq.c:541:5:Dma0_Ch31_IRQHandler	0	static
