../RTD/include/Dma_Ip_Hwv3_AccessInline.h:476:20:hwv3AccInlineDmaCh_SetMajorLoop_Count	8	static
../RTD/src/Dma_Ip_Hw_Access.c:314:6:HwAccDmaCh_GetParamDummyFunction	0	static
../RTD/src/Dma_Ip_Hw_Access.c:482:6:HwAccDmaCh_CmdSetHwRequest	0	static
../RTD/src/Dma_Ip_Hw_Access.c:500:6:HwAccDmaCh_CmdClearHwRequest	0	static
../RTD/src/Dma_Ip_Hw_Access.c:518:6:HwAccDmaCh_CmdSetSwRequest	0	static
../RTD/src/Dma_Ip_Hw_Access.c:536:6:HwAccDmaCh_CmdClearDone	0	static
../RTD/src/Dma_Ip_Hw_Access.c:554:6:HwAccDmaCh_CmdClearError	0	static
../RTD/src/Dma_Ip_Hw_Access.c:633:6:HwAccDmaCh_SetControl_EnMasterIdReplication	0	static
../RTD/src/Dma_Ip_Hw_Access.c:653:6:HwAccDmaCh_SetControl_EnBufferedWrites	0	static
../RTD/src/Dma_Ip_Hw_Access.c:773:6:HwAccDmaCh_SetRequest_EnRequest	0	static
../RTD/src/Dma_Ip_Hw_Access.c:790:6:HwAccDmaCh_SetInterrupt_EnError	0	static
../RTD/src/Dma_Ip_Hw_Access.c:809:6:HwAccDmaCh_SetPriority_Group	0	static
../RTD/src/Dma_Ip_Hw_Access.c:828:6:HwAccDmaCh_SetPriority_Level	0	static
../RTD/src/Dma_Ip_Hw_Access.c:847:6:HwAccDmaCh_SetPriority_EnPreemption	8	static
../RTD/src/Dma_Ip_Hw_Access.c:867:6:HwAccDmaCh_SetPriority_DisPreempt	0	static
../RTD/src/Dma_Ip_Hw_Access.c:937:6:HwAccDmaCh_SetSource_Address	0	static
../RTD/src/Dma_Ip_Hw_Access.c:959:6:HwAccDmaCh_SetSource_SignedOffset	0	static
../RTD/src/Dma_Ip_Hw_Access.c:977:6:HwAccDmaCh_SetSource_LastAddrAdj	0	static
../RTD/src/Dma_Ip_Hw_Access.c:996:6:HwAccDmaCh_SetSource_TransferSize	0	static
../RTD/src/Dma_Ip_Hw_Access.c:1014:6:HwAccDmaCh_SetSource_Modulo	0	static
../RTD/src/Dma_Ip_Hw_Access.c:1032:6:HwAccDmaCh_SetDestination_Address	0	static
../RTD/src/Dma_Ip_Hw_Access.c:1054:6:HwAccDmaCh_SetDestination_SignedOffset	0	static
../RTD/src/Dma_Ip_Hw_Access.c:1090:6:HwAccDmaCh_SetDestination_TransferSize	0	static
../RTD/src/Dma_Ip_Hw_Access.c:1108:6:HwAccDmaCh_SetDestination_Modulo	0	static
../RTD/src/Dma_Ip_Hw_Access.c:1126:6:HwAccDmaCh_SetMinorLoop_enSrcOffset	0	static
../RTD/src/Dma_Ip_Hw_Access.c:1144:6:HwAccDmaCh_SetMinorLoop_enDstOffset	0	static
../RTD/src/Dma_Ip_Hw_Access.c:1162:6:HwAccDmaCh_SetMinorLoop_Offset	0	static
../RTD/src/Dma_Ip_Hw_Access.c:1218:6:HwAccDmaCh_SetMinorLoop_Size	0	static
../RTD/src/Dma_Ip_Hw_Access.c:1274:6:HwAccDmaCh_SetMajorLoop_Count	0	static
../RTD/src/Dma_Ip_Hw_Access.c:1335:6:HwAccDmaCh_SetControl_EnMajor	0	static
../RTD/src/Dma_Ip_Hw_Access.c:1353:6:HwAccDmaCh_SetControl_EnHalfMajor	0	static
../RTD/src/Dma_Ip_Hw_Access.c:1371:6:HwAccDmaCh_SetControl_DisAutoHwRequest	0	static
../RTD/src/Dma_Ip_Hw_Access.c:1390:6:HwAccDmaCh_SetControl_EnEndOfPacketSignal	0	static
../RTD/src/Dma_Ip_Hw_Access.c:1409:6:HwAccDmaCh_SetControl_BandwidthControl	0	static
../RTD/src/Dma_Ip_Hw_Access.c:1476:6:HwAccDmaCh_GetSourceAddress	0	static
../RTD/src/Dma_Ip_Hw_Access.c:1501:6:HwAccDmaCh_GetDestinationAddress	0	static
../RTD/src/Dma_Ip_Hw_Access.c:1564:6:HwAccDmaCh_GetStoreDstAddress	0	static
../RTD/src/Dma_Ip_Hw_Access.c:1591:6:HwAccDmaCh_GetMasterId	0	static
../RTD/src/Dma_Ip_Hw_Access.c:1610:6:HwAccDmaCh_GetIntMajor	0	static
../RTD/src/Dma_Ip_Hw_Access.c:1628:6:HwAccDmaCh_GetIntHalfMajor	0	static
../RTD/src/Dma_Ip_Hw_Access.c:1254:6:HwAccDmaCh_SetMajorLoop_LogicLinkCh	16	static
../RTD/src/Dma_Ip_Hw_Access.c:353:6:hwAccDmaInst_CmdCancelTransfer	0	static
../RTD/src/Dma_Ip_Hw_Access.c:374:6:hwAccDmaInst_CmdCancelTransferWithError	0	static
../RTD/src/Dma_Ip_Hw_Access.c:395:6:hwAccDmaInst_CmdHalt	0	static
../RTD/src/Dma_Ip_Hw_Access.c:416:6:hwAccDmaInst_CmdResume	0	static
../RTD/src/Dma_Ip_Hw_Access.c:673:6:HwAccDmaCh_SetRequest_EnMuxSource	0	static
../RTD/src/Dma_Ip_Hw_Access.c:706:6:HwAccDmaCh_SetRequest_MuxSource	0	static
../RTD/src/Dma_Ip_Hw_Access.c:739:6:HwAccDmaCh_SetRequest_EnMuxTrigger	0	static
../RTD/src/Dma_Ip_Hw_Access.c:1293:6:HwAccDmaCh_SetControl_StoreDestinationAddress	0	static
../RTD/src/Dma_Ip_Hw_Access.c:1317:6:HwAccDmaCh_SetControl_EnStart	0	static
../RTD/src/Dma_Ip_Hw_Access.c:1544:6:HwAccDmaCh_GetCurrentIterCount	0	static
../RTD/src/Dma_Ip_Hw_Access.c:1526:6:HwAccDmaCh_GetBeginIterCount	0	static
../RTD/src/Dma_Ip_Hw_Access.c:1072:6:HwAccDmaCh_SetDestination_LastAddrAdj	0	static
../RTD/src/Dma_Ip_Hw_Access.c:1236:6:HwAccDmaCh_SetMajorLoop_EnLink	0	static
../RTD/src/Dma_Ip_Hw_Access.c:1180:6:HwAccDmaCh_SetMinorLoop_EnLink	0	static
../RTD/src/Dma_Ip_Hw_Access.c:1198:6:HwAccDmaCh_SetMinorLoop_LogicLinkCh	16	static
../RTD/src/Dma_Ip_Hw_Access.c:328:6:HwAccDmaInst_SetConfig	0	static
../RTD/src/Dma_Ip_Hw_Access.c:440:6:HwAccDmaInst_SetCommand	0	static
../RTD/src/Dma_Ip_Hw_Access.c:455:6:HwAccDmaInst_GetStatus	0	static
../RTD/src/Dma_Ip_Hw_Access.c:575:6:HwAccDmaCh_SetCommand	8	static
../RTD/src/Dma_Ip_Hw_Access.c:591:6:HwAccDmaCh_GetStatus	0	static
../RTD/src/Dma_Ip_Hw_Access.c:610:6:HwAccDmaCh_GetStatus_Error	0	static
../RTD/src/Dma_Ip_Hw_Access.c:889:6:HwAccDmaCh_SetGlobalParam	8	static
../RTD/src/Dma_Ip_Hw_Access.c:1430:6:HwAccDmaCh_SetTransferParam	8	static
../RTD/src/Dma_Ip_Hw_Access.c:1650:6:HwAccDmaCh_GetParam	8	static
../RTD/src/Dma_Ip_Hw_Access.c:1678:6:HwAccDmaCh_LoadConfigIntoSoftwareTcd	16	static
../RTD/src/Dma_Ip_Hw_Access.c:1741:6:HwAccDmaCh_LoadSoftwareTcdIntoHardwareTcd	0	static
../RTD/src/Dma_Ip_Hw_Access.c:1778:6:HwAccDmaCh_SetControl_ScatterGatherAddress	0	static
../RTD/src/Dma_Ip_Hw_Access.c:1796:6:HwAccDmaCh_SetControl_EnScatterGatherProcessing	0	static
