C:/nxp/S32DS.3.5/S32DS/software/PlatformSDK_S32K3_2022_07/SW32K3_RTD_4_4_2_0_1_D2207/Base_TS_T40D34M20I1R0/include/Devassert.h:85:20:DevAssert	8	static
../RTD/src/IntCtrl_Ip.c:174:6:IntCtrl_Ip_InstallHandlerPrivileged	16	static
../RTD/src/IntCtrl_Ip.c:224:6:IntCtrl_Ip_EnableIrqPrivileged	8	static
../RTD/src/IntCtrl_Ip.c:253:6:IntCtrl_Ip_DisableIrqPrivileged	8	static
../RTD/src/IntCtrl_Ip.c:283:6:IntCtrl_Ip_SetPriorityPrivileged	8	static
../RTD/src/IntCtrl_Ip.c:339:7:IntCtrl_Ip_GetPriorityPrivileged	8	static
../RTD/src/IntCtrl_Ip.c:386:6:IntCtrl_Ip_ClearPendingPrivileged	8	static
../RTD/src/IntCtrl_Ip.c:422:6:IntCtrl_Ip_SetPendingPrivileged	8	static
../RTD/src/IntCtrl_Ip.c:454:8:IntCtrl_Ip_GetPendingPrivileged	8	static
../RTD/src/IntCtrl_Ip.c:486:8:IntCtrl_Ip_GetActivePrivileged	8	static
../RTD/src/IntCtrl_Ip.c:505:6:IntCtrl_Ip_SetTargetCoresPrivileged	8	static
../RTD/src/IntCtrl_Ip.c:642:23:IntCtrl_Ip_Init	16	static
../RTD/src/IntCtrl_Ip.c:679:23:IntCtrl_Ip_ConfigIrqRouting	24	static
../RTD/src/IntCtrl_Ip.c:707:6:IntCtrl_Ip_InstallHandler	0	static
../RTD/src/IntCtrl_Ip.c:719:6:IntCtrl_Ip_EnableIrq	0	static
../RTD/src/IntCtrl_Ip.c:729:6:IntCtrl_Ip_DisableIrq	0	static
../RTD/src/IntCtrl_Ip.c:739:6:IntCtrl_Ip_SetPriority	0	static
../RTD/src/IntCtrl_Ip.c:749:7:IntCtrl_Ip_GetPriority	0	static
../RTD/src/IntCtrl_Ip.c:759:6:IntCtrl_Ip_ClearPending	0	static
../RTD/src/IntCtrl_Ip.c:771:6:IntCtrl_Ip_SetPending	0	static
../RTD/src/IntCtrl_Ip.c:781:9:IntCtrl_Ip_GetPending	8	static
../RTD/src/IntCtrl_Ip.c:792:9:IntCtrl_Ip_GetActive	8	static
../RTD/src/IntCtrl_Ip.c:806:6:IntCtrl_Ip_SetTargetCores	0	static
