C:/nxp/S32DS.3.5/S32DS/software/PlatformSDK_S32K3_2022_07/SW32K3_RTD_4_4_2_0_1_D2207/Base_TS_T40D34M20I1R0/include/Devassert.h:85:20:DevAssert	8	static
../RTD/src/Lpspi_Ip.c:375:13:Lpspi_Ip_ChannelFinished	0	static
../RTD/src/Lpspi_Ip.c:623:13:Lpspi_Ip_HalfDuplexPrepare	20	static
../RTD/src/Lpspi_Ip.c:2276:13:Lpspi_TransmitRxInit	8	static
../RTD/src/Lpspi_Ip.c:1331:13:Lpspi_Ip_RxDmaConfig	152	static
../RTD/src/Lpspi_Ip.c:1167:13:Lpspi_Ip_TxDmaConfig	160	static
../RTD/src/Lpspi_Ip.c:409:13:Lpspi_Ip_TransferProcessHalfDuplex	48	static
../RTD/src/Lpspi_Ip.c:2126:13:Lpspi_TransmitTxInit	24	static
../RTD/src/Lpspi_Ip.c:672:13:Lpspi_Ip_TransferProcess	24	static
../RTD/src/Lpspi_Ip.c:778:13:Lpspi_Ip_CheckValidParameters.isra	0	static
../RTD/src/Lpspi_Ip.c:1582:6:Lpspi_Ip_IrqTxDmaHandler	40	static
../RTD/src/Lpspi_Ip.c:1684:6:Lpspi_Ip_IrqRxDmaHandler	32	static
../RTD/src/Lpspi_Ip.c:1828:21:Lpspi_Ip_DeInit	16	static
../RTD/src/Lpspi_Ip.c:1858:21:Lpspi_Ip_SyncTransmit	64	static
../RTD/src/Lpspi_Ip.c:1993:21:Lpspi_Ip_SyncTransmitHalfDuplex	64	static
../RTD/src/Lpspi_Ip.c:2310:21:Lpspi_Ip_AsyncTransmit	32	static
../RTD/src/Lpspi_Ip.c:2438:21:Lpspi_Ip_AsyncTransmitHalfDuplex	32	static
../RTD/src/Lpspi_Ip.c:2868:6:Lpspi_Ip_ManageBuffers	32	static
../RTD/src/Lpspi_Ip.c:2937:21:Lpspi_Ip_UpdateFrameSize	8	static
../RTD/src/Lpspi_Ip.c:2963:21:Lpspi_Ip_UpdateLsb	8	static
../RTD/src/Lpspi_Ip.c:2987:21:Lpspi_Ip_UpdateDefaultTransmitData	8	static
../RTD/src/Lpspi_Ip.c:3011:21:Lpspi_Ip_UpdateTransferMode	16	static
../RTD/src/Lpspi_Ip.c:1781:21:Lpspi_Ip_Init	120	static
../RTD/src/Lpspi_Ip.c:3061:6:Lpspi_Ip_Cancel	16	static
../RTD/src/Lpspi_Ip.c:3111:6:Lpspi_Ip_IrqHandler	4	static
../RTD/src/Lpspi_Ip.c:3152:23:Lpspi_Ip_GetStatus	8	static
