C:/nxp/S32DS.3.5/S32DS/software/PlatformSDK_S32K3_2022_07/SW32K3_RTD_4_4_2_0_1_D2207/Base_TS_T40D34M20I1R0/include/Devassert.h:85:20:DevAssert	8	static
../RTD/src/Lpuart_Uart_Ip.c:2046:13:Lpuart_Uart_Ip_PutData	16	static
../RTD/src/Lpuart_Uart_Ip.c:2105:13:Lpuart_Uart_Ip_GetData	8	static
../RTD/include/Lpuart_Uart_Ip_HwAccess.h:699:23:Lpuart_Uart_Ip_CheckTimeout.constprop	16	static
../RTD/include/Lpuart_Uart_Ip_HwAccess.h:687:20:Lpuart_Uart_Ip_StartTimeout.constprop	16	static
../RTD/src/Lpuart_Uart_Ip.c:1845:13:Lpuart_Uart_Ip_CompleteReceiveDataUsingInt	32	static
../RTD/src/Lpuart_Uart_Ip.c:1561:13:Lpuart_Uart_Ip_CompleteSendDataUsingInt	32	static
../RTD/src/Lpuart_Uart_Ip.c:252:6:Lpuart_Uart_Ip_Init	16	static
../RTD/src/Lpuart_Uart_Ip.c:342:27:Lpuart_Uart_Ip_Deinit	40	static
../RTD/src/Lpuart_Uart_Ip.c:394:27:Lpuart_Uart_Ip_SyncSend	48	static
../RTD/src/Lpuart_Uart_Ip.c:477:27:Lpuart_Uart_Ip_AsyncSend	32	static
../RTD/src/Lpuart_Uart_Ip.c:539:27:Lpuart_Uart_Ip_GetTransmitStatus	8	static
../RTD/src/Lpuart_Uart_Ip.c:594:27:Lpuart_Uart_Ip_AbortSendingData	16	static
../RTD/src/Lpuart_Uart_Ip.c:655:27:Lpuart_Uart_Ip_SyncReceive	104	static
../RTD/src/Lpuart_Uart_Ip.c:803:27:Lpuart_Uart_Ip_AsyncReceive	32	static
../RTD/src/Lpuart_Uart_Ip.c:865:27:Lpuart_Uart_Ip_GetReceiveStatus	8	static
../RTD/src/Lpuart_Uart_Ip.c:918:27:Lpuart_Uart_Ip_AbortReceivingData	16	static
../RTD/src/Lpuart_Uart_Ip.c:983:27:Lpuart_Uart_Ip_SetBaudRate	32	static
../RTD/src/Lpuart_Uart_Ip.c:1093:6:Lpuart_Uart_Ip_GetBaudRate	8	static
../RTD/src/Lpuart_Uart_Ip.c:1114:6:Lpuart_Uart_Ip_SetTxBuffer	8	static
../RTD/src/Lpuart_Uart_Ip.c:1140:6:Lpuart_Uart_Ip_SetRxBuffer	8	static
../RTD/src/Lpuart_Uart_Ip.c:1165:6:Lpuart_Uart_Ip_IrqHandler	40	static
